Script started on 2020-03-12 12:20:30-04:00 [TERM="xterm" TTY="/dev/pts/2" COLUMNS="82" LINES="43"]
hkilic2@remote03:~/i240b/submit/lab6$ cd ~~[K/i240b/submit/lab6
hkilic2@remote03:~/i240b/submit/lab6$ cp -r ~/cs240/labs/lab6/exercises
cp: missing destination file operand after '/home/hkilic2/cs240/labs/lab6/exercises'
Try 'cp --help' for more information.
hkilic2@remote03:~/i240b/submit/lab6$ cp -r ~/cs240/labs/lab6/exercises .
hkilic2@remote03:~/i240b/submit/lab6$ [Khkilic2@remote03:~/i240b/submit/lab6$ [Khkilic2@remote03:~/i240b/submit/lab6$ mkdir dir
hkilic2@remote03:~/i240b/submit/lab6$ touch t2.c[K[K[K1.c [K[K[K[K[K[K[K[K[K[K[Ktouch t1.c T1.s v.c v1.s x.c dir/t2.c dir/T2.s1 dir/t3
hkilic2@remote03:~/i240b/submit/lab6$ ls
dir  exercises	lab6.LOG  t1.c	T1.s  v1.s  v.c  x.c
hkilic2@remote03:~/i240b/submit/lab6$ ls -l 
total 0
drwxr-x--- 2 hkilic2 hkilic2 54 Mar 12 12:23 dir
drwxr-x--- 3 hkilic2 hkilic2 30 Mar 12 12:21 exercises
-rw-r----- 1 hkilic2 hkilic2  0 Mar 12 12:20 lab6.LOG
-rw-r----- 1 hkilic2 hkilic2  0 Mar 12 12:23 t1.c
-rw-r----- 1 hkilic2 hkilic2  0 Mar 12 12:23 T1.s
-rw-r----- 1 hkilic2 hkilic2  0 Mar 12 12:23 v1.s
-rw-r----- 1 hkilic2 hkilic2  0 Mar 12 12:23 v.c
-rw-r----- 1 hkilic2 hkilic2  0 Mar 12 12:23 x.c
hkilic2@remote03:~/i240b/submit/lab6$ ls -tl
total 0
drwxr-x--- 2 hkilic2 hkilic2 54 Mar 12 12:23 dir
-rw-r----- 1 hkilic2 hkilic2  0 Mar 12 12:23 x.c
-rw-r----- 1 hkilic2 hkilic2  0 Mar 12 12:23 v1.s
-rw-r----- 1 hkilic2 hkilic2  0 Mar 12 12:23 v.c
-rw-r----- 1 hkilic2 hkilic2  0 Mar 12 12:23 T1.s
-rw-r----- 1 hkilic2 hkilic2  0 Mar 12 12:23 t1.c
drwxr-x--- 3 hkilic2 hkilic2 30 Mar 12 12:21 exercises
-rw-r----- 1 hkilic2 hkilic2  0 Mar 12 12:20 lab6.LOG
hkilic2@remote03:~/i240b/submit/lab6$ dir
dir  exercises	lab6.LOG  t1.c	T1.s  v1.s  v.c  x.c
hkilic2@remote03:~/i240b/submit/lab6$ cd dir
hkilic2@remote03:~/i240b/submit/lab6/dir$ l[Kls
t2.c  T2.s1  t3
hkilic2@remote03:~/i240b/submit/lab6/dir$ ls -l 
total 0
-rw-r----- 1 hkilic2 hkilic2 0 Mar 12 12:23 t2.c
-rw-r----- 1 hkilic2 hkilic2 0 Mar 12 12:23 T2.s1
-rw-r----- 1 hkilic2 hkilic2 0 Mar 12 12:23 t3
hkilic2@remote03:~/i240b/submit/lab6/dir$ ls ls [K[K[K[K[K[Kls -tl 
total 0
-rw-r----- 1 hkilic2 hkilic2 0 Mar 12 12:23 T2.s1
-rw-r----- 1 hkilic2 hkilic2 0 Mar 12 12:23 t3
-rw-r----- 1 hkilic2 hkilic2 0 Mar 12 12:23 t2.c
hkilic2@remote03:~/i240b/submit/lab6/dir$ ls -t
T2.s1  t3  t2.c
hkilic2@remote03:~/i240b/submit/lab6/dir$ man touch
[?1049h[22;0;0t[?1h=TOUCH(1)                         User Commands                        TOUCH(1)[m
[m
[1mNAME[0m[m
       touch - change file timestamps[m
[m
[1mSYNOPSIS[0m[m
       [1mtouch[0m [[4mOPTION[24m]... [4mFILE[24m...[m
[m
[1mDESCRIPTION[0m[m
       Update  the  access  and modification times of each FILE to the current[m
       time.[m
[m
       A FILE argument that does not exist is created empty, unless [1m-c[0m  or  [1m-h[0m[m
       is supplied.[m
[m
       A  FILE  argument  string of - is handled specially and causes touch to[m
       change the times of the file associated with standard output.[m
[m
       Mandatory arguments to long options are  mandatory  for  short  options[m
       too.[m
[m
       [1m-a[0m     change only the access time[m
[m
       [1m-c[0m, [1m--no-create[0m[m
              do not create any files[m
[m
       [1m-d[0m, [1m--date[0m=[4mSTRING[24m[m
              parse STRING and use it instead of current time[m
[m
       [1m-f[0m     (ignored)[m
[m
       [1m-h[0m, [1m--no-dereference[0m[m
              affect each symbolic link instead of any referenced file (useful[m
              only on systems that can change the timestamps of a symlink)[m
[m
       [1m-m[0m     change only the modification time[m
[m
       [1m-r[0m, [1m--reference[0m=[4mFILE[24m[m
              use this file's times instead of current time[m
[m
       [1m-t[0m STAMP[m
              use [[CC]YY]MMDDhhmm[.ss] instead of current time[m
[7m Manual page touch(1) line 1 (press h for help or q to quit)[27m[K[K [KESCESC[KOO[KAA[K[K[7m Manual page touch(1) line 1 (press h for help or q to quit)[27m[K[K [KESCESC[KOO[KAA[K[K[7m Manual page touch(1) line 1 (press h for help or q to quit)[27m[K[K [KESCESC[KOO[KAA[K[K[7m Manual page touch(1) line 1 (press h for help or q to quit)[27m[K[K [KESCESC[KOO[KAA[K[K[7m Manual page touch(1) line 1 (press h for help or q to quit)[27m[K[K [KESCESC[KOO[KAA[K[K[7m Manual page touch(1) line 1 (press h for help or q to quit)[27m[K[K [KESCESC[KOO[KAA[K[K[7m Manual page touch(1) line 1 (press h for help or q to quit)[27m[K[K [KESCESC[KOO[KAA[K[K[7m Manual page touch(1) line 1 (press h for help or q to quit)[27m[K[K [KESCESC[KOO[KAA[K[K[7m Manual page touch(1) line 1 (press h for help or q to quit)[27m[K[K [KESCESC[KOO[KAA[K[K[7m Manual page touch(1) line 1 (press h for help or q to quit)[27m[K[K [KESCESC[KOO[KAA[K[K[7m Manual page touch(1) line 1 (press h for help or q to quit)[27m[K[K [KESCESC[KOO[KAA[K[K[7m Manual page touch(1) line 1 (press h for help or q to quit)[27m[K[K [KESCESC[KOO[KAA[K[K[7m Manual page touch(1) line 1 (press h for help or q to quit)[27m[K[K [KESCESC[KOO[KAA[K[K[7m Manual page touch(1) line 1 (press h for help or q to quit)[27m[K[K [KESCESC[KOO[KAA[K[K[7m Manual page touch(1) line 1 (press h for help or q to quit)[27m[K[K [KESCESC[KOO[KAA[K[K[7m Manual page touch(1) line 1 (press h for help or q to quit)[27m[K[K [KESCESC[KOO[KAA[K[K[7m Manual page touch(1) line 1 (press h for help or q to quit)[27m[K[K [KESCESC[KOO[KBB[K[m
[7m Manual page touch(1) line 2 (press h for help or q to quit)[27m[K[K [KESCESC[KOO[KBB[K       [1m--time[0m=[4mWORD[24m[m
[7m Manual page touch(1) line 3 (press h for help or q to quit)[27m[K[K [KESCESC[KOO[KBB[K              change the specified time: WORD is access, atime, or use: equiv‐[m
[7m Manual page touch(1) line 4 (press h for help or q to quit)[27m[K[K [KESCESC[KOO[KBB[K              alent to [1m-a[0m WORD is modify or mtime: equivalent to [1m-m[0m[m
[7m Manual page touch(1) line 5 (press h for help or q to quit)[27m[K[K [KESCESC[KOO[KBB[K[m
[7m Manual page touch(1) line 6 (press h for help or q to quit)[27m[K[K [KESCESC[KOO[KBB[K       [1m--help[0m display this help and exit[m
[7m Manual page touch(1) line 7 (press h for help or q to quit)[27m[K[K [KESCESC[KOO[KBB[K[m
[7m Manual page touch(1) line 8 (press h for help or q to quit)[27m[K[K [KESCESC[KOO[KBB[K       [1m--version[0m[m
[7m Manual page touch(1) line 9 (press h for help or q to quit)[27m[K[K [KESCESC[KOO[KBB[K              output version information and exit[m
[7m Manual page touch(1) line 10 (press h for help or q to quit)[27m[K[K [KESCESC[KOO[KBB[K[m
[7m Manual page touch(1) line 11 (press h for help or q to quit)[27m[K[K [KESCESC[KOO[KBB[K       Note that the [1m-d[0m and [1m-t[0m options accept different time-date formats.[m
[7m Manual page touch(1) line 12 (press h for help or q to quit)[27m[K[K [KESCESC[KOO[KBB[K[m
[7m Manual page touch(1) line 13 (press h for help or q to quit)[27m[K[K [KESCESC[KOO[KBB[K[1mDATE[0m [1mSTRING[0m[m
[7m Manual page touch(1) line 14 (press h for help or q to quit)[27m[K[K [KESCESC[KOO[KBB[K       The  --date=STRING  is  a mostly free format human readable date string[m
[7m Manual page touch(1) line 15 (press h for help or q to quit)[27m[K[K [KESCESC[KOO[KBB[K       such as "Sun, 29 Feb 2004 16:21:42 -0800" or "2004-02-29  16:21:42"  or[m
[7m Manual page touch(1) line 16 (press h for help or q to quit)[27m[K[K [KESCESC[KOO[KBB[K       even  "next Thursday".  A date string may contain items indicating cal‐[m
[7m Manual page touch(1) line 17 (press h for help or q to quit)[27m[K[K [KESCESC[KOO[KBB[K       endar date, time of day, time zone, day of week, relative  time,  rela‐[m
[7m Manual page touch(1) line 18 (press h for help or q to quit)[27m[K[K [KESCESC[KOO[KBB[K       tive date, and numbers.  An empty string indicates the beginning of the[m
[7m Manual page touch(1) line 19 (press h for help or q to quit)[27m[K[K [KESCESC[KOO[KBB[K       day.  The date string format is more complex than is easily  documented[m
[7m Manual page touch(1) line 20 (press h for help or q to quit)[27m[K[K [KESCESC[KOO[KBB[K       here but is fully described in the info documentation.[m
[7m Manual page touch(1) line 21 (press h for help or q to quit)[27m[K[K [KESCESC[KOO[KBB[K[m
[7m Manual page touch(1) line 22 (press h for help or q to quit)[27m[K[K [KESCESC[KOO[KBB[K[1mAUTHOR[0m[m
[7m Manual page touch(1) line 23 (press h for help or q to quit)[27m[K[K [KESCESC[KOO[KBB[K       Written  by  Paul  Rubin, Arnold Robbins, Jim Kingdon, David MacKenzie,[m
[7m Manual page touch(1) line 24 (press h for help or q to quit)[27m[K[K [KESCESC[KOO[KBB[K       and Randy Smith.[m
[7m Manual page touch(1) line 25 (press h for help or q to quit)[27m[K[K [KESCESC[KOO[KBB[K[m
[7m Manual page touch(1) line 26 (press h for help or q to quit)[27m[K[K [KESCESC[KOO[KBB[K[1mREPORTING[0m [1mBUGS[0m[m
[7m Manual page touch(1) line 27 (press h for help or q to quit)[27m[K[K [KESCESC[KOO[KBB[K       GNU coreutils online help: <https://www.gnu.org/software/coreutils/>[m
[7m Manual page touch(1) line 28 (press h for help or q to quit)[27m[K[K [KESCESC[KOO[KBB[K       Report touch translation bugs to <https://translationproject.org/team/>[m
[7m Manual page touch(1) line 29 (press h for help or q to quit)[27m[K[K [KESCESC[KOO[KBB[K[m
[7m Manual page touch(1) line 30 (press h for help or q to quit)[27m[K[K [KESCESC[KOO[KBB[K[1mCOPYRIGHT[0m[m
[7m Manual page touch(1) line 31 (press h for help or q to quit)[27m[K[K [KESCESC[KOO[KBB[K       Copyright © 2018 Free Software Foundation, Inc.   License  GPLv3+:  GNU[m
[7m Manual page touch(1) line 32 (press h for help or q to quit)[27m[K[K [KESCESC[KOO[KBB[K       GPL version 3 or later <https://gnu.org/licenses/gpl.html>.[m
[7m Manual page touch(1) line 33 (press h for help or q to quit)[27m[K[K [KESCESC[KOO[KBB[K       This  is  free  software:  you  are free to change and redistribute it.[m
[7m Manual page touch(1) line 34 (press h for help or q to quit)[27m[K[K [KESCESC[KOO[KBB[K       There is NO WARRANTY, to the extent permitted by law.[m
[7m Manual page touch(1) line 35 (press h for help or q to quit)[27m[K[K [KESCESC[KOO[KBB[K[m
[7m Manual page touch(1) line 36 (press h for help or q to quit)[27m[K[K [KESCESC[KOO[KBB[K[1mSEE[0m [1mALSO[0m[m
[7m Manual page touch(1) line 37 (press h for help or q to quit)[27m[K[K [KESCESC[KOO[KBB[K       Full documentation at: <https://www.gnu.org/software/coreutils/touch>[m
[7m Manual page touch(1) line 38 (press h for help or q to quit)[27m[K[K [KESCESC[KOO[KBB[K       or available locally via: info '(coreutils) touch invocation'[m
[7m Manual page touch(1) line 39 (press h for help or q to quit)[27m[K[K [KESCESC[KOO[KBB[K[m
[7m Manual page touch(1) line 40 (press h for help or q to quit)[27m[K[K [KESCESC[KOO[KBB[KGNU coreutils 8.30               February 2019                        TOUCH(1)[m
[7m Manual page touch(1) line 41 (press h for help or q to quit)[27m[K[K [KESCESC[KOO[KBB[K[K[7m Manual page touch(1) line 41/82 (END) (press h for help or q to quit)[27m[K[K [KESCESC[KOO[KBB[K[K[7m Manual page touch(1) line 41/82 (END) (press h for help or q to quit)[27m[K[K [KESCESC[KOO[KBB[K[K[7m Manual page touch(1) line 41/82 (END) (press h for help or q to quit)[27m[K[K [KESCESC[KOO[KBB[K[K[7m Manual page touch(1) line 41/82 (END) (press h for help or q to quit)[27m[K[K [KESCESC[KOO[KBB[K[K[7m Manual page touch(1) line 41/82 (END) (press h for help or q to quit)[27m[K[K [KESCESC[KOO[KBB[K[K[7m Manual page touch(1) line 41/82 (END) (press h for help or q to quit)[27m[K[K [KESCESC[KOO[KBB[K[K[7m Manual page touch(1) line 41/82 (END) (press h for help or q to quit)[27m[K[K [KESCESC[KOO[KBB[K[K[7m Manual page touch(1) line 41/82 (END) (press h for help or q to quit)[27m[K[K [KESCESC[KOO[KBB[K[K[7m Manual page touch(1) line 41/82 (END) (press h for help or q to quit)[27m[K[K [KESCESC[KOO[KBB[K[K[7m Manual page touch(1) line 41/82 (END) (press h for help or q to quit)[27m[K[K [KESCESC[KOO[KBB[K[K[7m Manual page touch(1) line 41/82 (END) (press h for help or q to quit)[27m[K[K [KESCESC[KOO[KBB[K[K[7m Manual page touch(1) line 41/82 (END) (press h for help or q to quit)[27m[K[K [KESCESC[KOO[KBB[K[K[7m Manual page touch(1) line 41/82 (END) (press h for help or q to quit)[27m[K[K [KESCESC[KOO[KBB[K[K[7m Manual page touch(1) line 41/82 (END) (press h for help or q to quit)[27m[K[K [KESCESC[KOO[KBB[K[K[7m Manual page touch(1) line 41/82 (END) (press h for help or q to quit)[27m[K[K [KESCESC[KOO[KBB[K[K[7m Manual page touch(1) line 41/82 (END) (press h for help or q to quit)[27m[K[K [KESCESC[KOO[KBB[K[K[7m Manual page touch(1) line 41/82 (END) (press h for help or q to quit)[27m[K[K[?1l>[?1049l[23;0;0thkilic2@remote03:~/i240b/submit/lab6/dir$ man ls
[?1049h[22;0;0t[?1h=LS(1)                            User Commands                           LS(1)[m
[m
[1mNAME[0m[m
       ls - list directory contents[m
[m
[1mSYNOPSIS[0m[m
       [1mls[0m [[4mOPTION[24m]... [[4mFILE[24m]...[m
[m
[1mDESCRIPTION[0m[m
       List  information  about  the FILEs (the current directory by default).[m
       Sort entries alphabetically if none of [1m-cftuvSUX[0m nor [1m--sort[0m  is  speci‐[m
       fied.[m
[m
       Mandatory  arguments  to  long  options are mandatory for short options[m
       too.[m
[m
       [1m-a[0m, [1m--all[0m[m
              do not ignore entries starting with .[m
[m
       [1m-A[0m, [1m--almost-all[0m[m
              do not list implied . and ..[m
[m
       [1m--author[0m[m
              with [1m-l[0m, print the author of each file[m
[m
       [1m-b[0m, [1m--escape[0m[m
              print C-style escapes for nongraphic characters[m
[m
       [1m--block-size[0m=[4mSIZE[24m[m
              with  [1m-l[0m,  scale  sizes  by  SIZE  when  printing  them;   e.g.,[m
              '--block-size=M'; see SIZE format below[m
[m
       [1m-B[0m, [1m--ignore-backups[0m[m
              do not list implied entries ending with ~[m
[m
       [1m-c[0m     with [1m-lt[0m: sort by, and show, ctime (time of last modification of[m
              file status information); with [1m-l[0m: show ctime and sort by  name;[m
              otherwise: sort by ctime, newest first[m
[m
       [1m-C[0m     list entries by columns[m
[m
       [1m--color[0m[=[4mWHEN[24m][m
[7m Manual page ls(1) line 1 (press h for help or q to quit)[27m[K[K [KESCESC[KOO[KBB[K              colorize  the output; WHEN can be 'always' (default if omitted),[m
[7m Manual page ls(1) line 2 (press h for help or q to quit)[27m[K[K [KESCESC[KOO[KBB[K              'auto', or 'never'; more info below[m
[7m Manual page ls(1) line 3 (press h for help or q to quit)[27m[K[K [KESCESC[KOO[KBB[K[m
[7m Manual page ls(1) line 4 (press h for help or q to quit)[27m[K[K [KESCESC[KOO[KBB[K       [1m-d[0m, [1m--directory[0m[m
[7m Manual page ls(1) line 5 (press h for help or q to quit)[27m[K[K [KESCESC[KOO[KBB[K              list directories themselves, not their contents[m
[7m Manual page ls(1) line 6 (press h for help or q to quit)[27m[K[K [KESCESC[KOO[KBB[K[m
[7m Manual page ls(1) line 7 (press h for help or q to quit)[27m[K[K [KESCESC[KOO[KBB[K       [1m-D[0m, [1m--dired[0m[m
[7m Manual page ls(1) line 8 (press h for help or q to quit)[27m[K[K [KESCESC[KOO[KBB[K              generate output designed for Emacs' dired mode[m
[7m Manual page ls(1) line 9 (press h for help or q to quit)[27m[K[K [KESCESC[KOO[KBB[K[m
[7m Manual page ls(1) line 10 (press h for help or q to quit)[27m[K[K [KESCESC[KOO[KBB[K       [1m-f[0m     do not sort, enable [1m-aU[0m, disable [1m-ls[0m [1m--color[0m[m
[7m Manual page ls(1) line 11 (press h for help or q to quit)[27m[K[K [KESCESC[KOO[KBB[K[m
[7m Manual page ls(1) line 12 (press h for help or q to quit)[27m[K[K [KESCESC[KOO[KBB[K       [1m-F[0m, [1m--classify[0m[m
[7m Manual page ls(1) line 13 (press h for help or q to quit)[27m[K[K [KESCESC[KOO[KBB[K              append indicator (one of */=>@|) to entries[m
[7m Manual page ls(1) line 14 (press h for help or q to quit)[27m[K[K [KESCESC[KOO[KBB[K[m
[7m Manual page ls(1) line 15 (press h for help or q to quit)[27m[K[K [KESCESC[KOO[KBB[K       [1m--file-type[0m[m
[7m Manual page ls(1) line 16 (press h for help or q to quit)[27m[K[K [KESCESC[KOO[KBB[K              likewise, except do not append '*'[m
[7m Manual page ls(1) line 17 (press h for help or q to quit)[27m[K[K [KESCESC[KOO[KBB[K[m
[7m Manual page ls(1) line 18 (press h for help or q to quit)[27m[K[K [KESCESC[KOO[KBB[K       [1m--format[0m=[4mWORD[24m[m
[7m Manual page ls(1) line 19 (press h for help or q to quit)[27m[K[K [KESCESC[KOO[KBB[K              across [1m-x[0m, commas [1m-m[0m, horizontal [1m-x[0m, long [1m-l[0m, single-column  [1m-1[0m,[m
[7m Manual page ls(1) line 20 (press h for help or q to quit)[27m[K[K [KESCESC[KOO[KBB[K              verbose [1m-l[0m, vertical [1m-C[0m[m
[7m Manual page ls(1) line 21 (press h for help or q to quit)[27m[K[K [KESCESC[KOO[KBB[K[m
[7m Manual page ls(1) line 22 (press h for help or q to quit)[27m[K[K [KESCESC[KOO[KBB[K       [1m--full-time[0m[m
[7m Manual page ls(1) line 23 (press h for help or q to quit)[27m[K[K [KESCESC[KOO[KBB[K              like [1m-l[0m [1m--time-style[0m=[4mfull-iso[24m[m
[7m Manual page ls(1) line 24 (press h for help or q to quit)[27m[K[K [KESCESC[KOO[KBB[K[m
[7m Manual page ls(1) line 25 (press h for help or q to quit)[27m[K[K [KESCESC[KOO[KBB[K       [1m-g[0m     like [1m-l[0m, but do not list owner[m
[7m Manual page ls(1) line 26 (press h for help or q to quit)[27m[K[K [KESCESC[KOO[KBB[K[m
[7m Manual page ls(1) line 27 (press h for help or q to quit)[27m[K[K [KESCESC[KOO[KBB[K       [1m--group-directories-first[0m[m
[7m Manual page ls(1) line 28 (press h for help or q to quit)[27m[K[K [KESCESC[KOO[KBB[K              group directories before files;[m
[7m Manual page ls(1) line 29 (press h for help or q to quit)[27m[K[K [KESCESC[KOO[KBB[K[m
[7m Manual page ls(1) line 30 (press h for help or q to quit)[27m[K[K [KESCESC[KOO[KBB[K              can   be  augmented  with  a  [1m--sort[0m  option,  but  any  use  of[m
[7m Manual page ls(1) line 31 (press h for help or q to quit)[27m[K[K [KESCESC[KOO[KBB[K              [1m--sort[0m=[4mnone[24m ([1m-U[0m) disables grouping[m
[7m Manual page ls(1) line 32 (press h for help or q to quit)[27m[K[K [KESCESC[KOO[KBB[K[m
[7m Manual page ls(1) line 33 (press h for help or q to quit)[27m[K[K [KESCESC[KOO[KBB[K       [1m-G[0m, [1m--no-group[0m[m
[7m Manual page ls(1) line 34 (press h for help or q to quit)[27m[K[K [KESCESC[KOO[KBB[K              in a long listing, don't print group names[m
[7m Manual page ls(1) line 35 (press h for help or q to quit)[27m[K[K [KESCESC[KOO[KBB[K[m
[7m Manual page ls(1) line 36 (press h for help or q to quit)[27m[K[K [KESCESC[KOO[KBB[K       [1m-h[0m, [1m--human-readable[0m[m
[7m Manual page ls(1) line 37 (press h for help or q to quit)[27m[K[K [KESCESC[KOO[KBB[K              with [1m-l[0m and [1m-s[0m, print sizes like 1K 234M 2G etc.[m
[7m Manual page ls(1) line 38 (press h for help or q to quit)[27m[K[K [KESCESC[KOO[KBB[K[m
[7m Manual page ls(1) line 39 (press h for help or q to quit)[27m[K[K [KESCESC[KOO[KBB[K       [1m--si[0m   likewise, but use powers of 1000 not 1024[m
[7m Manual page ls(1) line 40 (press h for help or q to quit)[27m[K[K [KESCESC[KOO[KBB[K[m
[7m Manual page ls(1) line 41 (press h for help or q to quit)[27m[K[K [KESCESC[KOO[KBB[K       [1m-H[0m, [1m--dereference-command-line[0m[m
[7m Manual page ls(1) line 42 (press h for help or q to quit)[27m[K[K [KESCESC[KOO[KBB[K              follow symbolic links listed on the command line[m
[7m Manual page ls(1) line 43 (press h for help or q to quit)[27m[K[K [KESCESC[KOO[KBB[K[m
[7m Manual page ls(1) line 44 (press h for help or q to quit)[27m[K[K [KESCESC[KOO[KBB[K       [1m--dereference-command-line-symlink-to-dir[0m[m
[7m Manual page ls(1) line 45 (press h for help or q to quit)[27m[K[K [KESCESC[KOO[KBB[K              follow each command line symbolic link[m
[7m Manual page ls(1) line 46 (press h for help or q to quit)[27m[K[K [KESCESC[KOO[KBB[K[m
[7m Manual page ls(1) line 47 (press h for help or q to quit)[27m[K[K [KESCESC[KOO[KBB[K              that points to a directory[m
[7m Manual page ls(1) line 48 (press h for help or q to quit)[27m[K[K [KESCESC[KOO[KBB[K[m
[7m Manual page ls(1) line 49 (press h for help or q to quit)[27m[K[K [KESCESC[KOO[KBB[K       [1m--hide[0m=[4mPATTERN[24m[m
[7m Manual page ls(1) line 50 (press h for help or q to quit)[27m[K[K [KESCESC[KOO[KBB[K              do not list implied entries matching shell  PATTERN  (overridden[m
[7m Manual page ls(1) line 51 (press h for help or q to quit)[27m[K[K [KESCESC[KOO[KBB[K              by [1m-a[0m or [1m-A[0m)[m
[7m Manual page ls(1) line 52 (press h for help or q to quit)[27m[K[K [KESCESC[KOO[KBB[K[m
[7m Manual page ls(1) line 53 (press h for help or q to quit)[27m[K[K [KESCESC[KOO[KBB[K       [1m--hyperlink[0m[=[4mWHEN[24m][m
[7m Manual page ls(1) line 54 (press h for help or q to quit)[27m[K[K [KESCESC[KOO[KBB[K              hyperlink file names; WHEN can be 'always' (default if omitted),[m
[7m Manual page ls(1) line 55 (press h for help or q to quit)[27m[K[K [KESCESC[KOO[KBB[K              'auto', or 'never'[m
[7m Manual page ls(1) line 56 (press h for help or q to quit)[27m[K[K [KESCESC[KOO[KBB[K[m
[7m Manual page ls(1) line 57 (press h for help or q to quit)[27m[K[K [KESCESC[KOO[KBB[K       [1m--indicator-style[0m=[4mWORD[24m[m
[7m Manual page ls(1) line 58 (press h for help or q to quit)[27m[K[K [KESCESC[KOO[KBB[K              append indicator with style WORD to entry names: none (default),[m
[7m Manual page ls(1) line 59 (press h for help or q to quit)[27m[K[K [KESCESC[KOO[KBB[K              slash ([1m-p[0m), file-type ([1m--file-type[0m), classify ([1m-F[0m)[m
[7m Manual page ls(1) line 60 (press h for help or q to quit)[27m[K[K [KESCESC[KOO[KBB[K[m
[7m Manual page ls(1) line 61 (press h for help or q to quit)[27m[K[K [KESCESC[KOO[KBB[K       [1m-i[0m, [1m--inode[0m[m
[7m Manual page ls(1) line 62 (press h for help or q to quit)[27m[K[K [KESCESC[KOO[KBB[K              print the index number of each file[m
[7m Manual page ls(1) line 63 (press h for help or q to quit)[27m[K[K [KESCESC[KOO[KBB[K[m
[7m Manual page ls(1) line 64 (press h for help or q to quit)[27m[K[K       [1m-I[0m, [1m--ignore[0m=[4mPATTERN[24m[m
              do not list implied entries matching shell PATTERN[m
[m
       [1m-k[0m, [1m--kibibytes[0m[m
              default  to  1024-byte  blocks for disk usage; used only with [1m-s[0m[m
              and per directory totals[m
[m
       [1m-l[0m     use a long listing format[m
[m
       [1m-L[0m, [1m--dereference[0m[m
              when showing file information for a symbolic link, show informa‐[m
              tion  for  the file the link references rather than for the link[m
              itself[m
[m
       [1m-m[0m     fill width with a comma separated list of entries[m
[m
       [1m-n[0m, [1m--numeric-uid-gid[0m[m
              like [1m-l[0m, but list numeric user and group IDs[m
[m
       [1m-N[0m, [1m--literal[0m[m
              print entry names without quoting[m
[m
       [1m-o[0m     like [1m-l[0m, but do not list group information[m
[m
       [1m-p[0m, [1m--indicator-style[0m=[4mslash[24m[m
              append / indicator to directories[m
[m
       [1m-q[0m, [1m--hide-control-chars[0m[m
              print ? instead of nongraphic characters[m
[m
       [1m--show-control-chars[0m[m
              show nongraphic characters as-is (the default, unless program is[m
              'ls' and output is a terminal)[m
[m
       [1m-Q[0m, [1m--quote-name[0m[m
              enclose entry names in double quotes[m
[m
       [1m--quoting-style[0m=[4mWORD[24m[m
              use  quoting style WORD for entry names: literal, locale, shell,[m
              shell-always,  shell-escape,  shell-escape-always,   c,   escape[m
              (overrides QUOTING_STYLE environment variable)[m
[m
[7m Manual page ls(1) line 106 (press h for help or q to quit)[27m[K[K       [1m-r[0m, [1m--reverse[0m[m
              reverse order while sorting[m
[m
       [1m-R[0m, [1m--recursive[0m[m
              list subdirectories recursively[m
[m
       [1m-s[0m, [1m--size[0m[m
              print the allocated size of each file, in blocks[m
[m
       [1m-S[0m     sort by file size, largest first[m
[m
       [1m--sort[0m=[4mWORD[24m[m
              sort  by  WORD instead of name: none ([1m-U[0m), size ([1m-S[0m), time ([1m-t[0m),[m
              version ([1m-v[0m), extension ([1m-X[0m)[m
[m
       [1m--time[0m=[4mWORD[24m[m
              with [1m-l[0m, show time as WORD instead of default modification time:[m
              atime  or  access  or  use  ([1m-u[0m); ctime or status ([1m-c[0m); also use[m
              specified time as sort key if [1m--sort[0m=[4mtime[24m (newest first)[m
[m
       [1m--time-style[0m=[4mTIME_STYLE[24m[m
              time/date format with [1m-l[0m; see TIME_STYLE below[m
[m
       [1m-t[0m     sort by modification time, newest first[m
[m
       [1m-T[0m, [1m--tabsize[0m=[4mCOLS[24m[m
              assume tab stops at each COLS instead of 8[m
[m
       [1m-u[0m     with [1m-lt[0m: sort by, and show, access time; with [1m-l[0m:  show  access[m
              time  and  sort  by name; otherwise: sort by access time, newest[m
              first[m
[m
       [1m-U[0m     do not sort; list entries in directory order[m
[m
       [1m-v[0m     natural sort of (version) numbers within text[m
[m
       [1m-w[0m, [1m--width[0m=[4mCOLS[24m[m
              set output width to COLS.  0 means no limit[m
[m
       [1m-x[0m     list entries by lines instead of by columns[m
[m
       [1m-X[0m     sort alphabetically by entry extension[m
[7m Manual page ls(1) line 148 (press h for help or q to quit)[27m[K[K[m
       [1m-Z[0m, [1m--context[0m[m
              print any security context of each file[m
[m
       [1m-1[0m     list one file per line.  Avoid '\n' with [1m-q[0m or [1m-b[0m[m
[m
       [1m--help[0m display this help and exit[m
[m
       [1m--version[0m[m
              output version information and exit[m
[m
       The SIZE argument is an integer and  optional  unit  (example:  10K  is[m
       10*1024).   Units  are  K,M,G,T,P,E,Z,Y  (powers  of 1024) or KB,MB,...[m
       (powers of 1000).[m
[m
       The TIME_STYLE argument can be  full-iso,  long-iso,  iso,  locale,  or[m
       +FORMAT.   FORMAT  is  interpreted  like in date(1).  If FORMAT is FOR‐[m
       MAT1<newline>FORMAT2, then FORMAT1 applies to non-recent files and FOR‐[m
       MAT2  to  recent files.  TIME_STYLE prefixed with 'posix-' takes effect[m
       only outside the POSIX locale.  Also the TIME_STYLE  environment  vari‐[m
       able sets the default style to use.[m
[m
       Using  color  to distinguish file types is disabled both by default and[m
       with [1m--color[0m=[4mnever[24m.  With [1m--color[0m=[4mauto[24m, ls emits color codes only  when[m
       standard  output is connected to a terminal.  The LS_COLORS environment[m
       variable can change the settings.  Use the dircolors command to set it.[m
[m
   [1mExit[0m [1mstatus:[0m[m
       0      if OK,[m
[m
       1      if minor problems (e.g., cannot access subdirectory),[m
[m
       2      if serious trouble (e.g., cannot access command-line argument).[m
[m
[1mAUTHOR[0m[m
       Written by Richard M. Stallman and David MacKenzie.[m
[m
[1mREPORTING[0m [1mBUGS[0m[m
       GNU coreutils online help: <https://www.gnu.org/software/coreutils/>[m
       Report ls translation bugs to <https://translationproject.org/team/>[m
[m
[1mCOPYRIGHT[0m[m
[7m Manual page ls(1) line 190 (press h for help or q to quit)[27m[K[K       Copyright © 2018 Free Software Foundation, Inc.   License  GPLv3+:  GNU[m
       GPL version 3 or later <https://gnu.org/licenses/gpl.html>.[m
       This  is  free  software:  you  are free to change and redistribute it.[m
       There is NO WARRANTY, to the extent permitted by law.[m
[m
[1mSEE[0m [1mALSO[0m[m
       Full documentation at: <https://www.gnu.org/software/coreutils/ls>[m
       or available locally via: info '(coreutils) ls invocation'[m
[m
GNU coreutils 8.30               February 2019                           LS(1)[m
[7m Manual page ls(1) line 200/241 (END) (press h for help or q to quit)[27m[K[K[K[7m Manual page ls(1) line 200/241 (END) (press h for help or q to quit)[27m[K[K[K[7m Manual page ls(1) line 200/241 (END) (press h for help or q to quit)[27m[K[K[?1l>[?1049l[23;0;0thkilic2@remote03:~/i240b/submit/lab6/dir$ ls T*
T2.s1
hkilic2@remote03:~/i240b/submit/lab6/dir$ cd ..
hkilic2@remote03:~/i240b/submit/lab6$ ls T*
T1.s
hkilic2@remote03:~/i240b/submit/lab6$ ls dir/*.?
dir/t2.c
hkilic2@remote03:~/i240b/submit/lab6$ ls [t-v]* [K.c
t1.c  v.c
hkilic2@remote03:~/i240b/submit/lab6$ cd bin
bash: cd: bin: No such file or directory
hkilic2@remote03:~/i240b/submit/lab6$ ls
dir  exercises	lab6.LOG  t1.c	T1.s  v1.s  v.c  x.c
hkilic2@remote03:~/i240b/submit/lab6$ ls bin* 
ls: cannot access 'bin*': No such file or directory
hkilic2@remote03:~/i240b/submit/lab6$ ls T*
T1.s
hkilic2@remote03:~/i240b/submit/lab6$ cd ~/bin
bash: cd: /home/hkilic2/bin: No such file or directory
hkilic2@remote03:~/i240b/submit/lab6$ cd ~/bin[K[K[Ketc
bash: cd: /home/hkilic2/etc: No such file or directory
hkilic2@remote03:~/i240b/submit/lab6$ ls < [K[K> ls.log
hkilic2@remote03:~/i240b/submit/lab6$ cat ls.log
dir
exercises
lab6.LOG
ls.log
t1.c
T1.s
v1.s
v.c
x.c
hkilic2@remote03:~/i240b/submit/lab6$ cat >cat.log
^Z
[1]+  Stopped                 cat > cat.log
hkilic2@remote03:~/i240b/submit/lab6$ cat >cat.log
sad
ad
f
a
s hkilic2@remote03:~/i240b/submit/lab6$ cat ls.log
dir
exercises
lab6.LOG
ls.log
t1.c
T1.s
v1.s
v.c
x.c
hkilic2@remote03:~/i240b/submit/lab6$ cat cat.log
sad
ad
f
a
hkilic2@remote03:~/i240b/submit/lab6$ ls dir >>ls.log
hkilic2@remote03:~/i240b/submit/lab6$ cat ls.log
dir
exercises
lab6.LOG
ls.log
t1.c
T1.s
v1.s
v.c
x.c
t2.c
T2.s1
t3
hkilic2@remote03:~/i240b/submit/lab6$ cat <ls.log
dir
exercises
lab6.LOG
ls.log
t1.c
T1.s
v1.s
v.c
x.c
t2.c
T2.s1
t3
hkilic2@remote03:~/i240b/submit/lab6$ wc -l[K[K[K[K[Kls | wc -l
10
hkilic2@remote03:~/i240b/submit/lab6$ ls
cat.log  dir  exercises  lab6.LOG  ls.log  t1.c  T1.s  v1.s  v.c  x.c
hkilic2@remote03:~/i240b/submit/lab6$ cd exercises
hkilic2@remote03:~/i240b/submit/lab6/exercises$ ls
4-quoting
hkilic2@remote03:~/i240b/submit/lab6/exercises$ cd 4-quoting
hkilic2@remote03:~/i240b/submit/lab6/exercises/4-quoting$ ls
'**'  '1$2'  "'12"  '1"2'  'a$b'  '\\ab'  'a"b'  "a'b"	 -l
hkilic2@remote03:~/i240b/submit/lab6/exercises/4-quoting$ echo \\
\
hkilic2@remote03:~/i240b/submit/lab6/exercises/4-quoting$ echo \'
'
hkilic2@remote03:~/i240b/submit/lab6/exercises/4-quoting$ echo \*
*
hkilic2@remote03:~/i240b/submit/lab6/exercises/4-quoting$ echo \$HOME\"\\
$HOME"\
hkilic2@remote03:~/i240b/submit/lab6/exercises/4-quoting$ echo "\"[K[K[K'\'
\
hkilic2@remote03:~/i240b/submit/lab6/exercises/4-quoting$ echo '\\'
\\
hkilic2@remote03:~/i240b/submit/lab6/exercises/4-quoting$ echo '*$~'
*$~
hkilic2@remote03:~/i240b/submit/lab6/exercises/4-quoting$ echo '\''
> s
> a
> a'
\
s
a
a
hkilic2@remote03:~/i240b/submit/lab6/exercises/4-quoting$ echo '\''
> '
\

hkilic2@remote03:~/i240b/submit/lab6/exercises/4-quoting$ echo "\"\\"
"\
hkilic2@remote03:~/i240b/submit/lab6/exercises/4-quoting$ echo "$HOME"
/home/hkilic2
hkilic2@remote03:~/i240b/submit/lab6/exercises/4-quoting$ echo \
> 

hkilic2@remote03:~/i240b/submit/lab6/exercises/4-quoting$ echo \
> abc\ \
> 123
abc 123
hkilic2@remote03:~/i240b/submit/lab6/exercises/4-quoting$ lsü[K
'**'  '1$2'  "'12"  '1"2'  'a$b'  '\\ab'  'a"b'  "a'b"	 -l
hkilic2@remote03:~/i240b/submit/lab6/exercises/4-quoting$ ls $*
'**'  '1$2'  "'12"  '1"2'  'a$b'  '\\ab'  'a"b'  "a'b"	 -l
hkilic2@remote03:~/i240b/submit/lab6/exercises/4-quoting$ ls [$]*
ls: cannot access '[$]*': No such file or directory
hkilic2@remote03:~/i240b/submit/lab6/exercises/4-quoting$ ls [$]*-]* ]*[1P]*$]*ü]*[1P]*
ls: cannot access '[himBHs$]*': No such file or directory
hkilic2@remote03:~/i240b/submit/lab6/exercises/4-quoting$ ls 1*
'1$2'  '1"2'
hkilic2@remote03:~/i240b/submit/lab6/exercises/4-quoting$ ls b'[K*
ls: cannot access 'b*': No such file or directory
hkilic2@remote03:~/i240b/submit/lab6/exercises/4-quoting$ ls2[K 'b'*
ls: cannot access 'b*': No such file or directory
hkilic2@remote03:~/i240b/submit/lab6/exercises/4-quoting$ ls 1?
ls: cannot access '1?': No such file or directory
hkilic2@remote03:~/i240b/submit/lab6/exercises/4-quoting$ ls b?
ls: cannot access 'b?': No such file or directory
hkilic2@remote03:~/i240b/submit/lab6/exercises/4-quoting$ ls b*.?
ls: cannot access 'b*.?': No such file or directory
hkilic2@remote03:~/i240b/submit/lab6/exercises/4-quoting$ lsü[K
'**'  '1$2'  "'12"  '1"2'  'a$b'  '\\ab'  'a"b'  "a'b"	 -l
hkilic2@remote03:~/i240b/submit/lab6/exercises/4-quoting$ ls $.?
ls: cannot access '$.?': No such file or directory
hkilic2@remote03:~/i240b/submit/lab6/exercises/4-quoting$ ls $.?*.?
4-quoting
hkilic2@remote03:~/i240b/submit/lab6/exercises/4-quoting$ ls $*.?' $*.?[C[C[1P$*.? '$*.?[C[C'*.?
ls: cannot access '$*.?': No such file or directory
hkilic2@remote03:~/i240b/submit/lab6/exercises/4-quoting$ ls [a-b]*
'a$b'  'a"b'  "a'b"
hkilic2@remote03:~/i240b/submit/lab6/exercises/4-quoting$ ls [b]*
ls: cannot access '[b]*': No such file or directory
hkilic2@remote03:~/i240b/submit/lab6/exercises/4-quoting$ lsn[K [$-a]*
'a$b'  'a"b'  "a'b"
hkilic2@remote03:~/i240b/submit/lab6/exercises/4-quoting$ ls [$-a]*[1P]*
ls: cannot access '[himBHs]*': No such file or directory
hkilic2@remote03:~/i240b/submit/lab6/exercises/4-quoting$ ls [$-]*q]*
ls: cannot access '[himBHsq]*': No such file or directory
hkilic2@remote03:~/i240b/submit/lab6/exercises/4-quoting$ ls -a
'**'   .   ..  '1$2'  "'12"  '1"2'  'a$b'  '\\ab'  'a"b'  "a'b"   -l
hkilic2@remote03:~/i240b/submit/lab6/exercises/4-quoting$ ls/etc
bash: ls/etc: No such file or directory
hkilic2@remote03:~/i240b/submit/lab6/exercises/4-quoting$ ls [a-1]*
ls: cannot access '[a-1]*': No such file or directory
hkilic2@remote03:~/i240b/submit/lab6/exercises/4-quoting$ ls [a-1]*[1P]*b]*
'a$b'  'a"b'  "a'b"
hkilic2@remote03:~/i240b/submit/lab6/exercises/4-quoting$ ls [a-$]*
ls: cannot access '[a-$]*': No such file or directory
hkilic2@remote03:~/i240b/submit/lab6/exercises/4-quoting$ ls a*
'a$b'  'a"b'  "a'b"
hkilic2@remote03:~/i240b/submit/lab6/exercises/4-quoting$ ls \$*
ls: cannot access '$*': No such file or directory
hkilic2@remote03:~/i240b/submit/lab6/exercises/4-quoting$ ls \$*[C[1P*a*
'a$b'  'a"b'  "a'b"
hkilic2@remote03:~/i240b/submit/lab6/exercises/4-quoting$ ls [a]*
'a$b'  'a"b'  "a'b"
hkilic2@remote03:~/i240b/submit/lab6/exercises/4-quoting$ ls[/$]*
bash: ls[/$]*: No such file or directory
hkilic2@remote03:~/i240b/submit/lab6/exercises/4-quoting$ ls[/$]* [/$]*
ls: cannot access '[/$]*': No such file or directory
hkilic2@remote03:~/i240b/submit/lab6/exercises/4-quoting$ ls [/$]*e/$]*c/$]*h/$]*o/$]* /$]*
ls: cannot access '[echo': No such file or directory
ls: cannot access '/$]*': No such file or directory
hkilic2@remote03:~/i240b/submit/lab6/exercises/4-quoting$ ls ['a']*
'a$b'  'a"b'  "a'b"
hkilic2@remote03:~/i240b/submit/lab6/exercises/4-quoting$ ls ['a']*echo /$]*[4P'a']*[1P']*$']*
ls: cannot access '[$]*': No such file or directory
hkilic2@remote03:~/i240b/submit/lab6/exercises/4-quoting$ ls
'**'  '1$2'  "'12"  '1"2'  'a$b'  '\\ab'  'a"b'  "a'b"	 -l
hkilic2@remote03:~/i240b/submit/lab6/exercises/4-quoting$ ls ["[K'}[K]*
> 
> s
> a
> bash: unexpected EOF while looking for matching `''
bash: syntax error: unexpected end of file
hkilic2@remote03:~/i240b/submit/lab6/exercises/4-quoting$ echo \$
$
hkilic2@remote03:~/i240b/submit/lab6/exercises/4-quoting$ man *
No manual entry for **
No manual entry for '12 in section 1$2
No manual entry for a$b in section 1"2
No manual entry for \\ab in section 1"2
No manual entry for a"b in section 1"2
No manual entry for a'b in section 1"2
No manual entry for -l in section 1"2
hkilic2@remote03:~/i240b/submit/lab6/exercises/4-quoting$ ls -d *b*
'a$b'  '\\ab'  'a"b'  "a'b"
hkilic2@remote03:~/i240b/submit/lab6/exercises/4-quoting$ ls -d *b*[1P*/*[1P*\*$*
'1$2'  'a$b'
hkilic2@remote03:~/i240b/submit/lab6/exercises/4-quoting$ ls -d *\$*[C[1P*'*
"'12"  "a'b"
hkilic2@remote03:~/i240b/submit/lab6/exercises/4-quoting$ ls -d *\'*[1P*\*
'\\ab'
hkilic2@remote03:~/i240b/submit/lab6/exercises/4-quoting$ ls
'**'  '1$2'  "'12"  '1"2'  'a$b'  '\\ab'  'a"b'  "a'b"	 -l
hkilic2@remote03:~/i240b/submit/lab6/exercises/4-quoting$ ls | head -2
**
1$2
hkilic2@remote03:~/i240b/submit/lab6/exercises/4-quoting$ ls -U | head -2
'12
**
hkilic2@remote03:~/i240b/submit/lab6/exercises/4-quoting$ ls ws [K[K[K| wc -l 
9
hkilic2@remote03:~/i240b/submit/lab6/exercises/4-quoting$ man wc
[?1049h[22;0;0t[?1h=WC(1)                            User Commands                           WC(1)[m
[m
[1mNAME[0m[m
       wc - print newline, word, and byte counts for each file[m
[m
[1mSYNOPSIS[0m[m
       [1mwc[0m [[4mOPTION[24m]... [[4mFILE[24m]...[m
       [1mwc[0m [[4mOPTION[24m]... [4m--files0-from=F[24m[m
[m
[1mDESCRIPTION[0m[m
       Print newline, word, and byte counts for each FILE, and a total line if[m
       more than one FILE is specified.  A word is a non-zero-length  sequence[m
       of characters delimited by white space.[m
[m
       With no FILE, or when FILE is -, read standard input.[m
[m
       The  options  below may be used to select which counts are printed, al‐[m
       ways in the following order: newline, word,  character,  byte,  maximum[m
       line length.[m
[m
       [1m-c[0m, [1m--bytes[0m[m
              print the byte counts[m
[m
       [1m-m[0m, [1m--chars[0m[m
              print the character counts[m
[m
       [1m-l[0m, [1m--lines[0m[m
              print the newline counts[m
[m
       [1m--files0-from[0m=[4mF[24m[m
              read  input  from the files specified by NUL-terminated names in[m
              file F; If F is - then read names from standard input[m
[m
       [1m-L[0m, [1m--max-line-length[0m[m
              print the maximum display width[m
[m
       [1m-w[0m, [1m--words[0m[m
              print the word counts[m
[m
       [1m--help[0m display this help and exit[m
[m
       [1m--version[0m[m
[7m Manual page wc(1) line 1 (press h for help or q to quit)[27m[K[K [KESCESC[KOO[KAA[K[K[7m Manual page wc(1) line 1 (press h for help or q to quit)[27m[K[K [KESCESC[KOO[KAA[K[K[7m Manual page wc(1) line 1 (press h for help or q to quit)[27m[K[K [KESCESC[KOO[KAA[K[K[7m Manual page wc(1) line 1 (press h for help or q to quit)[27m[K[K [KESCESC[KOO[KAA[K[K[7m Manual page wc(1) line 1 (press h for help or q to quit)[27m[K[K [KESCESC[KOO[KAA[K[K[7m Manual page wc(1) line 1 (press h for help or q to quit)[27m[K[K [KESCESC[KOO[KAA[K[K[7m Manual page wc(1) line 1 (press h for help or q to quit)[27m[K[K [KESCESC[KOO[KAA[K[K[7m Manual page wc(1) line 1 (press h for help or q to quit)[27m[K[K [KESCESC[KOO[KBB[K              output version information and exit[m
[7m Manual page wc(1) line 2 (press h for help or q to quit)[27m[K[K [KESCESC[KOO[KBB[K[m
[7m Manual page wc(1) line 3 (press h for help or q to quit)[27m[K[K [KESCESC[KOO[KAA[K[HM[m
[43;1H[K[7m Manual page wc(1) line 2 (press h for help or q to quit)[27m[K[K [KESCESC[KOO[KAA[K[HMWC(1)                            User Commands                           WC(1)[m
[43;1H[K[7m Manual page wc(1) line 1 (press h for help or q to quit)[27m[K[K [KESCESC[KOO[KAA[K[K[7m Manual page wc(1) line 1 (press h for help or q to quit)[27m[K[K [KESCESC[KOO[KAA[K[K[7m Manual page wc(1) line 1 (press h for help or q to quit)[27m[K[K [KESCESC[KOO[KAA[K[K[7m Manual page wc(1) line 1 (press h for help or q to quit)[27m[K[K [KESCESC[KOO[KAA[K[K[7m Manual page wc(1) line 1 (press h for help or q to quit)[27m[K[K [KESCESC[KOO[KBB[K              output version information and exit[m
[7m Manual page wc(1) line 2 (press h for help or q to quit)[27m[K[K [KESCESC[KOO[KBB[K[m
[7m Manual page wc(1) line 3 (press h for help or q to quit)[27m[K[K [KESCESC[KOO[KBB[K[1mAUTHOR[0m[m
[7m Manual page wc(1) line 4 (press h for help or q to quit)[27m[K[K [KESCESC[KOO[KBB[K       Written by Paul Rubin and David MacKenzie.[m
[7m Manual page wc(1) line 5 (press h for help or q to quit)[27m[K[K [KESCESC[KOO[KBB[K[m
[7m Manual page wc(1) line 6 (press h for help or q to quit)[27m[K[K [KESCESC[KOO[KBB[K[1mREPORTING[0m [1mBUGS[0m[m
[7m Manual page wc(1) line 7 (press h for help or q to quit)[27m[K[K [KESCESC[KOO[KBB[K       GNU coreutils online help: <https://www.gnu.org/software/coreutils/>[m
[7m Manual page wc(1) line 8 (press h for help or q to quit)[27m[K[K [KESCESC[KOO[KBB[K       Report wc translation bugs to <https://translationproject.org/team/>[m
[7m Manual page wc(1) line 9 (press h for help or q to quit)[27m[K[K [KESCESC[KOO[KBB[K[m
[7m Manual page wc(1) line 10 (press h for help or q to quit)[27m[K[K [KESCESC[KOO[KBB[K[1mCOPYRIGHT[0m[m
[7m Manual page wc(1) line 11 (press h for help or q to quit)[27m[K[K [KESCESC[KOO[KBB[K       Copyright © 2018 Free Software Foundation, Inc.   License  GPLv3+:  GNU[m
[7m Manual page wc(1) line 12 (press h for help or q to quit)[27m[K[K [KESCESC[KOO[KBB[K       GPL version 3 or later <https://gnu.org/licenses/gpl.html>.[m
[7m Manual page wc(1) line 13 (press h for help or q to quit)[27m[K[K [KESCESC[KOO[KBB[K       This  is  free  software:  you  are free to change and redistribute it.[m
[7m Manual page wc(1) line 14 (press h for help or q to quit)[27m[K[K [KESCESC[KOO[KBB[K       There is NO WARRANTY, to the extent permitted by law.[m
[7m Manual page wc(1) line 15 (press h for help or q to quit)[27m[K[K [KESCESC[KOO[KBB[K[m
[7m Manual page wc(1) line 16 (press h for help or q to quit)[27m[K[K [KESCESC[KOO[KBB[K[1mSEE[0m [1mALSO[0m[m
[7m Manual page wc(1) line 17 (press h for help or q to quit)[27m[K[K [KESCESC[KOO[KBB[K       Full documentation at: <https://www.gnu.org/software/coreutils/wc>[m
[7m Manual page wc(1) line 18 (press h for help or q to quit)[27m[K[K [KESCESC[KOO[KBB[K       or available locally via: info '(coreutils) wc invocation'[m
[7m Manual page wc(1) line 19 (press h for help or q to quit)[27m[K[K [KESCESC[KOO[KBB[K[m
[7m Manual page wc(1) line 20 (press h for help or q to quit)[27m[K[K [KESCESC[KOO[KBB[KGNU coreutils 8.30               February 2019                           WC(1)[m
[7m Manual page wc(1) line 21 (press h for help or q to quit)[27m[K[K [KESCESC[KOO[KBB[K[K[7m Manual page wc(1) line 21/62 (END) (press h for help or q to quit)[27m[K[K [KESCESC[KOO[KBB[K[K[7m Manual page wc(1) line 21/62 (END) (press h for help or q to quit)[27m[K[K [KESCESC[KOO[KBB[K[K[7m Manual page wc(1) line 21/62 (END) (press h for help or q to quit)[27m[K[K [KESCESC[KOO[KBB[K[K[7m Manual page wc(1) line 21/62 (END) (press h for help or q to quit)[27m[K[K [KESCESC[KOO[KBB[K[K[7m Manual page wc(1) line 21/62 (END) (press h for help or q to quit)[27m[K[K [KESCESC[KOO[KBB[K[K[7m Manual page wc(1) line 21/62 (END) (press h for help or q to quit)[27m[K[K [KESCESC[KOO[KBB[K[K[7m Manual page wc(1) line 21/62 (END) (press h for help or q to quit)[27m[K[K [KESCESC[KOO[KBB[K[K[7m Manual page wc(1) line 21/62 (END) (press h for help or q to quit)[27m[K[K [KESCESC[KOO[KBB[K[K[7m Manual page wc(1) line 21/62 (END) (press h for help or q to quit)[27m[K[K [KESCESC[KOO[KBB[K[K[7m Manual page wc(1) line 21/62 (END) (press h for help or q to quit)[27m[K[K [KESCESC[KOO[KAA[K[HM[m
[43;1H[K[7m Manual page wc(1) line 20/62 97% (press h for help or q to quit)[27m[K[K [KESCESC[KOO[KAA[K[HM       line length.[m
[43;1H[K[7m Manual page wc(1) line 19/62 97% (press h for help or q to quit)[27m[K[K [KESCESC[KOO[KAA[K[HM       ways in the following order: newline, word,  character,  byte,  maximum[m
[43;1H[K[7m Manual page wc(1) line 18/62 94% (press h for help or q to quit)[27m[K[K [KESCESC[KOO[KAA[K[HM       The  options  below may be used to select which counts are printed, al‐[m
[43;1H[K[7m Manual page wc(1) line 17/62 91% (press h for help or q to quit)[27m[K[K [KESCESC[KOO[KAA[K[HM[m
[43;1H[K[7m Manual page wc(1) line 16/62 90% (press h for help or q to quit)[27m[K[K [KESCESC[KOO[KAA[K[HM       With no FILE, or when FILE is -, read standard input.[m
[43;1H[K[7m Manual page wc(1) line 15/62 90% (press h for help or q to quit)[27m[K[K [KESCESC[KOO[KAA[K[HM[m
[43;1H[K[7m Manual page wc(1) line 14/62 87% (press h for help or q to quit)[27m[K[K [KESCESC[KOO[KAA[K[HM       of characters delimited by white space.[m
[43;1H[K[7m Manual page wc(1) line 13/62 84% (press h for help or q to quit)[27m[K[K [KESCESC[KOO[KAA[K[HM       more than one FILE is specified.  A word is a non-zero-length  sequence[m
[43;1H[K[7m Manual page wc(1) line 12/62 81% (press h for help or q to quit)[27m[K[K [KESCESC[KOO[KAA[K[HM       Print newline, word, and byte counts for each FILE, and a total line if[m
[43;1H[K[7m Manual page wc(1) line 11/62 78% (press h for help or q to quit)[27m[K[K [KESCESC[KOO[KAA[K[HM[1mDESCRIPTION[0m[m
[43;1H[K[7m Manual page wc(1) line 10/62 77% (press h for help or q to quit)[27m[K[K [KESCESC[KOO[KAA[K[HM[m
[43;1H[K[7m Manual page wc(1) line 9/62 77% (press h for help or q to quit)[27m[K[K [KESCESC[KOO[KAA[K[HM       [1mwc[0m [[4mOPTION[24m]... [4m--files0-from=F[24m[m
[43;1H[K[7m Manual page wc(1) line 8/62 73% (press h for help or q to quit)[27m[K[K [KESCESC[KOO[KAA[K[HM       [1mwc[0m [[4mOPTION[24m]... [[4mFILE[24m]...[m
[43;1H[K[7m Manual page wc(1) line 7/62 70% (press h for help or q to quit)[27m[K[K [KESCESC[KOO[KAA[K[HM[1mSYNOPSIS[0m[m
[43;1H[K[7m Manual page wc(1) line 6/62 68% (press h for help or q to quit)[27m[K[K [KESCESC[KOO[KAA[K[HM[m
[43;1H[K[7m Manual page wc(1) line 5/62 68% (press h for help or q to quit)[27m[K[K [KESCESC[KOO[KAA[K[HM       wc - print newline, word, and byte counts for each file[m
[43;1H[K[7m Manual page wc(1) line 4/62 66% (press h for help or q to quit)[27m[K[K [KESCESC[KOO[KAA[K[HM[1mNAME[0m[m
[43;1H[K[7m Manual page wc(1) line 3/62 66% (press h for help or q to quit)[27m[K[K [KESCESC[KOO[KAA[K[HM[m
[43;1H[K[7m Manual page wc(1) line 2/62 65% (press h for help or q to quit)[27m[K[K [KESCESC[KOO[KAA[K[HMWC(1)                            User Commands                           WC(1)[m
[43;1H[K[7m Manual page wc(1) line 1/62 63% (press h for help or q to quit)[27m[K[K [KESCESC[KOO[KAA[K[K[7m Manual page wc(1) line 1/62 63% (press h for help or q to quit)[27m[K[K [KESCESC[KOO[KAA[K[K[7m Manual page wc(1) line 1/62 63% (press h for help or q to quit)[27m[K[K [KESCESC[KOO[KAA[K[K[7m Manual page wc(1) line 1/62 63% (press h for help or q to quit)[27m[K[K [KESCESC[KOO[KAA[K[K[7m Manual page wc(1) line 1/62 63% (press h for help or q to quit)[27m[K[K [KESCESC[KOO[KAA[K[K[7m Manual page wc(1) line 1/62 63% (press h for help or q to quit)[27m[K[K [KESCESC[KOO[KAA[K[K[7m Manual page wc(1) line 1/62 63% (press h for help or q to quit)[27m[K[K [KESCESC[KOO[KAA[K[K[7m Manual page wc(1) line 1/62 63% (press h for help or q to quit)[27m[K[K [KESCESC[KOO[KAA[K[K[7m Manual page wc(1) line 1/62 63% (press h for help or q to quit)[27m[K[K [KESCESC[KOO[KAA[K[K[7m Manual page wc(1) line 1/62 63% (press h for help or q to quit)[27m[K[K [KESCESC[KOO[KBB[K              output version information and exit[m
[7m Manual page wc(1) line 2/62 65% (press h for help or q to quit)[27m[K[K [KESCESC[KOO[KCC[H[2J[H[m
[m
e counts for each file[m
[m
[m
[m
[m
[m
[m
nts for each FILE, and a total line if[m
 A word is a non-zero-length  sequence[m
space.[m
[m
read standard input.[m
[m
o select which counts are printed, al‐[m
ine, word,  character,  byte,  maximum[m
[m
[m
[m
[m
[m
[m
[m
[m
[m
[m
[m
[m
s specified by NUL-terminated names in[m
d names from standard input[m
[m
[m
width[m
[m
[m
[m
[m
[m
[m
[m
 and exit[m
[7m Manual page wc(1) line 2/62 65% (press h for help or q to quit)[27m[K[K [KESCESC[KOO[KDD[H[2J[H[m
[1mNAME[0m[m
       wc - print newline, word, and byte counts for each file[m
[m
[1mSYNOPSIS[0m[m
       [1mwc[0m [[4mOPTION[24m]... [[4mFILE[24m]...[m
       [1mwc[0m [[4mOPTION[24m]... [4m--files0-from=F[24m[m
[m
[1mDESCRIPTION[0m[m
       Print newline, word, and byte counts for each FILE, and a total line if[m
       more than one FILE is specified.  A word is a non-zero-length  sequence[m
       of characters delimited by white space.[m
[m
       With no FILE, or when FILE is -, read standard input.[m
[m
       The  options  below may be used to select which counts are printed, al‐[m
       ways in the following order: newline, word,  character,  byte,  maximum[m
       line length.[m
[m
       [1m-c[0m, [1m--bytes[0m[m
              print the byte counts[m
[m
       [1m-m[0m, [1m--chars[0m[m
              print the character counts[m
[m
       [1m-l[0m, [1m--lines[0m[m
              print the newline counts[m
[m
       [1m--files0-from[0m=[4mF[24m[m
              read  input  from the files specified by NUL-terminated names in[m
              file F; If F is - then read names from standard input[m
[m
       [1m-L[0m, [1m--max-line-length[0m[m
              print the maximum display width[m
[m
       [1m-w[0m, [1m--words[0m[m
              print the word counts[m
[m
       [1m--help[0m display this help and exit[m
[m
       [1m--version[0m[m
              output version information and exit[m
[7m Manual page wc(1) line 2/62 65% (press h for help or q to quit)[27m[K[K [KESCESC[KOO[KBB[K[m
[7m Manual page wc(1) line 3/62 66% (press h for help or q to quit)[27m[K[K [KESCESC[KOO[KBB[K[1mAUTHOR[0m[m
[7m Manual page wc(1) line 4/62 66% (press h for help or q to quit)[27m[K[K[?1l>[?1049l[23;0;0thkilic2@remote03:~/i240b/submit/lab6/exercises/4-quoting$ 
hkilic2@remote03:~/i240b/submit/lab6/exercises/4-quoting$ man wcls | wc -l [1P L 
4
hkilic2@remote03:~/i240b/submit/lab6/exercises/4-quoting$ ls | wc -L [5Pman wc
[?1049h[22;0;0t[?1h=WC(1)                            User Commands                           WC(1)[m
[m
[1mNAME[0m[m
       wc - print newline, word, and byte counts for each file[m
[m
[1mSYNOPSIS[0m[m
       [1mwc[0m [[4mOPTION[24m]... [[4mFILE[24m]...[m
       [1mwc[0m [[4mOPTION[24m]... [4m--files0-from=F[24m[m
[m
[1mDESCRIPTION[0m[m
       Print newline, word, and byte counts for each FILE, and a total line if[m
       more than one FILE is specified.  A word is a non-zero-length  sequence[m
       of characters delimited by white space.[m
[m
       With no FILE, or when FILE is -, read standard input.[m
[m
       The  options  below may be used to select which counts are printed, al‐[m
       ways in the following order: newline, word,  character,  byte,  maximum[m
       line length.[m
[m
       [1m-c[0m, [1m--bytes[0m[m
              print the byte counts[m
[m
       [1m-m[0m, [1m--chars[0m[m
              print the character counts[m
[m
       [1m-l[0m, [1m--lines[0m[m
              print the newline counts[m
[m
       [1m--files0-from[0m=[4mF[24m[m
              read  input  from the files specified by NUL-terminated names in[m
              file F; If F is - then read names from standard input[m
[m
       [1m-L[0m, [1m--max-line-length[0m[m
              print the maximum display width[m
[m
       [1m-w[0m, [1m--words[0m[m
              print the word counts[m
[m
       [1m--help[0m display this help and exit[m
[m
       [1m--version[0m[m
[7m Manual page wc(1) line 1 (press h for help or q to quit)[27m[K[K [KESCESC[KOO[KBB[K              output version information and exit[m
[7m Manual page wc(1) line 2 (press h for help or q to quit)[27m[K[K [KESCESC[KOO[KBB[K[m
[7m Manual page wc(1) line 3 (press h for help or q to quit)[27m[K[K [KESCESC[KOO[KBB[K[1mAUTHOR[0m[m
[7m Manual page wc(1) line 4 (press h for help or q to quit)[27m[K[K [KESCESC[KOO[KBB[K       Written by Paul Rubin and David MacKenzie.[m
[7m Manual page wc(1) line 5 (press h for help or q to quit)[27m[K[K [KESCESC[KOO[KBB[K[m
[7m Manual page wc(1) line 6 (press h for help or q to quit)[27m[K[K [KESCESC[KOO[KBB[K[1mREPORTING[0m [1mBUGS[0m[m
[7m Manual page wc(1) line 7 (press h for help or q to quit)[27m[K[K [KESCESC[KOO[KBB[K       GNU coreutils online help: <https://www.gnu.org/software/coreutils/>[m
[7m Manual page wc(1) line 8 (press h for help or q to quit)[27m[K[K [KESCESC[KOO[KBB[K       Report wc translation bugs to <https://translationproject.org/team/>[m
[7m Manual page wc(1) line 9 (press h for help or q to quit)[27m[K[K [KESCESC[KOO[KBB[K[m
[7m Manual page wc(1) line 10 (press h for help or q to quit)[27m[K[K [KESCESC[KOO[KBB[K[1mCOPYRIGHT[0m[m
[7m Manual page wc(1) line 11 (press h for help or q to quit)[27m[K[K [KESCESC[KOO[KBB[K       Copyright © 2018 Free Software Foundation, Inc.   License  GPLv3+:  GNU[m
[7m Manual page wc(1) line 12 (press h for help or q to quit)[27m[K[K [KESCESC[KOO[KBB[K       GPL version 3 or later <https://gnu.org/licenses/gpl.html>.[m
[7m Manual page wc(1) line 13 (press h for help or q to quit)[27m[K[K [KESCESC[KOO[KBB[K       This  is  free  software:  you  are free to change and redistribute it.[m
[7m Manual page wc(1) line 14 (press h for help or q to quit)[27m[K[K [KESCESC[KOO[KBB[K       There is NO WARRANTY, to the extent permitted by law.[m
[7m Manual page wc(1) line 15 (press h for help or q to quit)[27m[K[K [KESCESC[KOO[KBB[K[m
[7m Manual page wc(1) line 16 (press h for help or q to quit)[27m[K[K [KESCESC[KOO[KBB[K[1mSEE[0m [1mALSO[0m[m
[7m Manual page wc(1) line 17 (press h for help or q to quit)[27m[K[K [KESCESC[KOO[KBB[K       Full documentation at: <https://www.gnu.org/software/coreutils/wc>[m
[7m Manual page wc(1) line 18 (press h for help or q to quit)[27m[K[K [KESCESC[KOO[KBB[K       or available locally via: info '(coreutils) wc invocation'[m
[7m Manual page wc(1) line 19 (press h for help or q to quit)[27m[K[K [KESCESC[KOO[KBB[K[m
[7m Manual page wc(1) line 20 (press h for help or q to quit)[27m[K[K [KESCESC[KOO[KBB[KGNU coreutils 8.30               February 2019                           WC(1)[m
[7m Manual page wc(1) line 21 (press h for help or q to quit)[27m[K[K [KESCESC[KOO[KBB[K[K[7m Manual page wc(1) line 21/62 (END) (press h for help or q to quit)[27m[K[K [KESCESC[KOO[KBB[K[K[7m Manual page wc(1) line 21/62 (END) (press h for help or q to quit)[27m[K[K [KESCESC[KOO[KBB[K[K[7m Manual page wc(1) line 21/62 (END) (press h for help or q to quit)[27m[K[K [KESCESC[KOO[KBB[K[K[7m Manual page wc(1) line 21/62 (END) (press h for help or q to quit)[27m[K[K [KESCESC[KOO[KBB[K[K[7m Manual page wc(1) line 21/62 (END) (press h for help or q to quit)[27m[K[K [KESCESC[KOO[KBB[K[K[7m Manual page wc(1) line 21/62 (END) (press h for help or q to quit)[27m[K[K [KESCESC[KOO[KBB[K[K[7m Manual page wc(1) line 21/62 (END) (press h for help or q to quit)[27m[K[K [KESCESC[KOO[KBB[K[K[7m Manual page wc(1) line 21/62 (END) (press h for help or q to quit)[27m[K[K [KESCESC[KOO[KBB[K[K[7m Manual page wc(1) line 21/62 (END) (press h for help or q to quit)[27m[K[K [KESCESC[KOO[KBB[K[K[7m Manual page wc(1) line 21/62 (END) (press h for help or q to quit)[27m[K[K [KESCESC[KOO[KBB[K[K[7m Manual page wc(1) line 21/62 (END) (press h for help or q to quit)[27m[K[K [KESCESC[KOO[KBB[K[K[7m Manual page wc(1) line 21/62 (END) (press h for help or q to quit)[27m[K[K [KESCESC[KOO[KBB[K[K[7m Manual page wc(1) line 21/62 (END) (press h for help or q to quit)[27m[K[K [KESCESC[KOO[KBB[K[K[7m Manual page wc(1) line 21/62 (END) (press h for help or q to quit)[27m[K[K [KESCESC[KOO[KBB[K[K[7m Manual page wc(1) line 21/62 (END) (press h for help or q to quit)[27m[K[K [KESCESC[KOO[KBB[K[K[7m Manual page wc(1) line 21/62 (END) (press h for help or q to quit)[27m[K[K [KESCESC[KOO[KBB[K[K[7m Manual page wc(1) line 21/62 (END) (press h for help or q to quit)[27m[K[K [KESCESC[KOO[KBB[K[K[7m Manual page wc(1) line 21/62 (END) (press h for help or q to quit)[27m[K[K [KESCESC[KOO[KBB[K[K[7m Manual page wc(1) line 21/62 (END) (press h for help or q to quit)[27m[K[K [KESCESC[KOO[KBB[K[K[7m Manual page wc(1) line 21/62 (END) (press h for help or q to quit)[27m[K[K [KESCESC[KOO[KBB[K[K[7m Manual page wc(1) line 21/62 (END) (press h for help or q to quit)[27m[K[K [KESCESC[KOO[KBB[K[K[7m Manual page wc(1) line 21/62 (END) (press h for help or q to quit)[27m[K[K [KESCESC[KOO[KBB[K[K[7m Manual page wc(1) line 21/62 (END) (press h for help or q to quit)[27m[K[K [KESCESC[KOO[KBB[K[K[7m Manual page wc(1) line 21/62 (END) (press h for help or q to quit)[27m[K[K [KESCESC[KOO[KBB[K[K[7m Manual page wc(1) line 21/62 (END) (press h for help or q to quit)[27m[K[K [KESCESC[KOO[KBB[K[K[7m Manual page wc(1) line 21/62 (END) (press h for help or q to quit)[27m[K[K [KESCESC[KOO[KBB[K[K[7m Manual page wc(1) line 21/62 (END) (press h for help or q to quit)[27m[K[K [KESCESC[KOO[KBB[K[K[7m Manual page wc(1) line 21/62 (END) (press h for help or q to quit)[27m[K[K [KESCESC[KOO[KAA[K[HM[m
[43;1H[K[7m Manual page wc(1) line 20/62 97% (press h for help or q to quit)[27m[K[K [KESCESC[KOO[KAA[K[HM       line length.[m
[43;1H[K[7m Manual page wc(1) line 19/62 97% (press h for help or q to quit)[27m[K[K [KESCESC[KOO[KAA[K[HM       ways in the following order: newline, word,  character,  byte,  maximum[m
[43;1H[K[7m Manual page wc(1) line 18/62 94% (press h for help or q to quit)[27m[K[K [KESCESC[KOO[KAA[K[HM       The  options  below may be used to select which counts are printed, al‐[m
[43;1H[K[7m Manual page wc(1) line 17/62 91% (press h for help or q to quit)[27m[K[K [KESCESC[KOO[KAA[K[HM[m
[43;1H[K[7m Manual page wc(1) line 16/62 90% (press h for help or q to quit)[27m[K[K [KESCESC[KOO[KAA[K[HM       With no FILE, or when FILE is -, read standard input.[m
[43;1H[K[7m Manual page wc(1) line 15/62 90% (press h for help or q to quit)[27m[K[K [KESCESC[KOO[KAA[K[HM[m
[43;1H[K[7m Manual page wc(1) line 14/62 87% (press h for help or q to quit)[27m[K[K [KESCESC[KOO[KAA[K[HM       of characters delimited by white space.[m
[43;1H[K[7m Manual page wc(1) line 13/62 84% (press h for help or q to quit)[27m[K[K [KESCESC[KOO[KAA[K[HM       more than one FILE is specified.  A word is a non-zero-length  sequence[m
[43;1H[K[7m Manual page wc(1) line 12/62 81% (press h for help or q to quit)[27m[K[K [KESCESC[KOO[KAA[K[HM       Print newline, word, and byte counts for each FILE, and a total line if[m
[43;1H[K[7m Manual page wc(1) line 11/62 78% (press h for help or q to quit)[27m[K[K [KESCESC[KOO[KAA[K[HM[1mDESCRIPTION[0m[m
[43;1H[K[7m Manual page wc(1) line 10/62 77% (press h for help or q to quit)[27m[K[K [KESCESC[KOO[KAA[K[HM[m
[43;1H[K[7m Manual page wc(1) line 9/62 77% (press h for help or q to quit)[27m[K[K [KESCESC[KOO[KAA[K[HM       [1mwc[0m [[4mOPTION[24m]... [4m--files0-from=F[24m[m
[43;1H[K[7m Manual page wc(1) line 8/62 73% (press h for help or q to quit)[27m[K[K [KESCESC[KOO[KAA[K[HM       [1mwc[0m [[4mOPTION[24m]... [[4mFILE[24m]...[m
[43;1H[K[7m Manual page wc(1) line 7/62 70% (press h for help or q to quit)[27m[K[K [KESCESC[KOO[KAA[K[HM[1mSYNOPSIS[0m[m
[43;1H[K[7m Manual page wc(1) line 6/62 68% (press h for help or q to quit)[27m[K[K [KESCESC[KOO[KAA[K[HM[m
[43;1H[K[7m Manual page wc(1) line 5/62 68% (press h for help or q to quit)[27m[K[K [KESCESC[KOO[KAA[K[HM       wc - print newline, word, and byte counts for each file[m
[43;1H[K[7m Manual page wc(1) line 4/62 66% (press h for help or q to quit)[27m[K[K [KESCESC[KOO[KAA[K[HM[1mNAME[0m[m
[43;1H[K[7m Manual page wc(1) line 3/62 66% (press h for help or q to quit)[27m[K[K [KESCESC[KOO[KAA[K[HM[m
[43;1H[K[7m Manual page wc(1) line 2/62 65% (press h for help or q to quit)[27m[K[K [KESCESC[KOO[KAA[K[HMWC(1)                            User Commands                           WC(1)[m
[43;1H[K[7m Manual page wc(1) line 1/62 63% (press h for help or q to quit)[27m[K[K [KESCESC[KOO[KBB[K              output version information and exit[m
[7m Manual page wc(1) line 2/62 65% (press h for help or q to quit)[27m[K[K [KESCESC[KOO[KCC[H[2J[H[m
[m
e counts for each file[m
[m
[m
[m
[m
[m
[m
nts for each FILE, and a total line if[m
 A word is a non-zero-length  sequence[m
space.[m
[m
read standard input.[m
[m
o select which counts are printed, al‐[m
ine, word,  character,  byte,  maximum[m
[m
[m
[m
[m
[m
[m
[m
[m
[m
[m
[m
[m
s specified by NUL-terminated names in[m
d names from standard input[m
[m
[m
width[m
[m
[m
[m
[m
[m
[m
[m
 and exit[m
[7m Manual page wc(1) line 2/62 65% (press h for help or q to quit)[27m[K[K [KESCESC[KOO[KDD[H[2J[H[m
[1mNAME[0m[m
       wc - print newline, word, and byte counts for each file[m
[m
[1mSYNOPSIS[0m[m
       [1mwc[0m [[4mOPTION[24m]... [[4mFILE[24m]...[m
       [1mwc[0m [[4mOPTION[24m]... [4m--files0-from=F[24m[m
[m
[1mDESCRIPTION[0m[m
       Print newline, word, and byte counts for each FILE, and a total line if[m
       more than one FILE is specified.  A word is a non-zero-length  sequence[m
       of characters delimited by white space.[m
[m
       With no FILE, or when FILE is -, read standard input.[m
[m
       The  options  below may be used to select which counts are printed, al‐[m
       ways in the following order: newline, word,  character,  byte,  maximum[m
       line length.[m
[m
       [1m-c[0m, [1m--bytes[0m[m
              print the byte counts[m
[m
       [1m-m[0m, [1m--chars[0m[m
              print the character counts[m
[m
       [1m-l[0m, [1m--lines[0m[m
              print the newline counts[m
[m
       [1m--files0-from[0m=[4mF[24m[m
              read  input  from the files specified by NUL-terminated names in[m
              file F; If F is - then read names from standard input[m
[m
       [1m-L[0m, [1m--max-line-length[0m[m
              print the maximum display width[m
[m
       [1m-w[0m, [1m--words[0m[m
              print the word counts[m
[m
       [1m--help[0m display this help and exit[m
[m
       [1m--version[0m[m
              output version information and exit[m
[7m Manual page wc(1) line 2/62 65% (press h for help or q to quit)[27m[K[K [KESCESC[KOO[KCC[H[2J[H[m
[m
e counts for each file[m
[m
[m
[m
[m
[m
[m
nts for each FILE, and a total line if[m
 A word is a non-zero-length  sequence[m
space.[m
[m
read standard input.[m
[m
o select which counts are printed, al‐[m
ine, word,  character,  byte,  maximum[m
[m
[m
[m
[m
[m
[m
[m
[m
[m
[m
[m
[m
s specified by NUL-terminated names in[m
d names from standard input[m
[m
[m
width[m
[m
[m
[m
[m
[m
[m
[m
 and exit[m
[7m Manual page wc(1) line 2/62 65% (press h for help or q to quit)[27m[K[K [KESCESC[KOO[KDD[H[2J[H[m
[1mNAME[0m[m
       wc - print newline, word, and byte counts for each file[m
[m
[1mSYNOPSIS[0m[m
       [1mwc[0m [[4mOPTION[24m]... [[4mFILE[24m]...[m
       [1mwc[0m [[4mOPTION[24m]... [4m--files0-from=F[24m[m
[m
[1mDESCRIPTION[0m[m
       Print newline, word, and byte counts for each FILE, and a total line if[m
       more than one FILE is specified.  A word is a non-zero-length  sequence[m
       of characters delimited by white space.[m
[m
       With no FILE, or when FILE is -, read standard input.[m
[m
       The  options  below may be used to select which counts are printed, al‐[m
       ways in the following order: newline, word,  character,  byte,  maximum[m
       line length.[m
[m
       [1m-c[0m, [1m--bytes[0m[m
              print the byte counts[m
[m
       [1m-m[0m, [1m--chars[0m[m
              print the character counts[m
[m
       [1m-l[0m, [1m--lines[0m[m
              print the newline counts[m
[m
       [1m--files0-from[0m=[4mF[24m[m
              read  input  from the files specified by NUL-terminated names in[m
              file F; If F is - then read names from standard input[m
[m
       [1m-L[0m, [1m--max-line-length[0m[m
              print the maximum display width[m
[m
       [1m-w[0m, [1m--words[0m[m
              print the word counts[m
[m
       [1m--help[0m display this help and exit[m
[m
       [1m--version[0m[m
              output version information and exit[m
[7m Manual page wc(1) line 2/62 65% (press h for help or q to quit)[27m[K[K[?1l>[?1049l[23;0;0thkilic2@remote03:~/i240b/submit/lab6/exercises/4-quoting$ man head
[?1049h[22;0;0t[?1h=HEAD(1)                          User Commands                         HEAD(1)[m
[m
[1mNAME[0m[m
       head - output the first part of files[m
[m
[1mSYNOPSIS[0m[m
       [1mhead[0m [[4mOPTION[24m]... [[4mFILE[24m]...[m
[m
[1mDESCRIPTION[0m[m
       Print  the  first  10 lines of each FILE to standard output.  With more[m
       than one FILE, precede each with a header giving the file name.[m
[m
       With no FILE, or when FILE is -, read standard input.[m
[m
       Mandatory arguments to long options are  mandatory  for  short  options[m
       too.[m
[m
       [1m-c[0m, [1m--bytes[0m=[4m[-]NUM[24m[m
              print  the  first  NUM bytes of each file; with the leading '-',[m
              print all but the last NUM bytes of each file[m
[m
       [1m-n[0m, [1m--lines[0m=[4m[-]NUM[24m[m
              print the first NUM lines instead of  the  first  10;  with  the[m
              leading '-', print all but the last NUM lines of each file[m
[m
       [1m-q[0m, [1m--quiet[0m, [1m--silent[0m[m
              never print headers giving file names[m
[m
       [1m-v[0m, [1m--verbose[0m[m
              always print headers giving file names[m
[m
       [1m-z[0m, [1m--zero-terminated[0m[m
              line delimiter is NUL, not newline[m
[m
       [1m--help[0m display this help and exit[m
[m
       [1m--version[0m[m
              output version information and exit[m
[m
       NUM may have a multiplier suffix: b 512, kB 1000, K 1024, MB 1000*1000,[m
       M 1024*1024, GB 1000*1000*1000, G 1024*1024*1024, and so on for  T,  P,[m
       E, Z, Y.[m
[7m Manual page head(1) line 1 (press h for help or q to quit)[27m[K[K [KESCESC[KOO[KBB[K[m
[7m Manual page head(1) line 2 (press h for help or q to quit)[27m[K[K [KESCESC[KOO[KBB[K[1mAUTHOR[0m[m
[7m Manual page head(1) line 3 (press h for help or q to quit)[27m[K[K [KESCESC[KOO[KBB[K       Written by David MacKenzie and Jim Meyering.[m
[7m Manual page head(1) line 4 (press h for help or q to quit)[27m[K[K [KESCESC[KOO[KBB[K[m
[7m Manual page head(1) line 5 (press h for help or q to quit)[27m[K[K [KESCESC[KOO[KAA[K[HM       head - output the first part of files[m
[43;1H[K[7m Manual page head(1) line 4 (press h for help or q to quit)[27m[K[K [KESCESC[KOO[KBB[K[m
[7m Manual page head(1) line 5 (press h for help or q to quit)[27m[K[K [KESCESC[KOO[KBB[K[1mREPORTING[0m [1mBUGS[0m[m
[7m Manual page head(1) line 6 (press h for help or q to quit)[27m[K[K [KESCESC[KOO[KAA[K[HM[m
[43;1H[K[7m Manual page head(1) line 5 (press h for help or q to quit)[27m[K[K [KESCESC[KOO[KAA[K[HM       head - output the first part of files[m
[43;1H[K[7m Manual page head(1) line 4 (press h for help or q to quit)[27m[K[K [KESCESC[KOO[KAA[K[HM[1mNAME[0m[m
[43;1H[K[7m Manual page head(1) line 3 (press h for help or q to quit)[27m[K[K [KESCESC[KOO[KAA[K[HM[m
[43;1H[K[7m Manual page head(1) line 2 (press h for help or q to quit)[27m[K[K [KESCESC[KOO[KAA[K[HMHEAD(1)                          User Commands                         HEAD(1)[m
[43;1H[K[7m Manual page head(1) line 1 (press h for help or q to quit)[27m[K[K [KESCESC[KOO[KAA[K[K[7m Manual page head(1) line 1 (press h for help or q to quit)[27m[K[K [KESCESC[KOO[KAA[K[K[7m Manual page head(1) line 1 (press h for help or q to quit)[27m[K[K [KESCESC[KOO[KAA[K[K[7m Manual page head(1) line 1 (press h for help or q to quit)[27m[K[K [KESCESC[KOO[KAA[K[K[7m Manual page head(1) line 1 (press h for help or q to quit)[27m[K[K [KESCESC[KOO[KAA[K[K[7m Manual page head(1) line 1 (press h for help or q to quit)[27m[K[K [KESCESC[KOO[KAA[K[K[7m Manual page head(1) line 1 (press h for help or q to quit)[27m[K[K [KESCESC[KOO[KAA[K[K[7m Manual page head(1) line 1 (press h for help or q to quit)[27m[K[K [KESCESC[KOO[KAA[K[K[7m Manual page head(1) line 1 (press h for help or q to quit)[27m[K[K [KESCESC[KOO[KAA[K[K[7m Manual page head(1) line 1 (press h for help or q to quit)[27m[K[K [KESCESC[KOO[KAA[K[K[7m Manual page head(1) line 1 (press h for help or q to quit)[27m[K[K [KESCESC[KOO[KAA[K[K[7m Manual page head(1) line 1 (press h for help or q to quit)[27m[K[K [KESCESC[KOO[KAA[K[K[7m Manual page head(1) line 1 (press h for help or q to quit)[27m[K[K [KESCESC[KOO[KAA[K[K[7m Manual page head(1) line 1 (press h for help or q to quit)[27m[K[K [KESCESC[KOO[KAA[K[K[7m Manual page head(1) line 1 (press h for help or q to quit)[27m[K[K [KESCESC[KOO[KAA[K[K[7m Manual page head(1) line 1 (press h for help or q to quit)[27m[K[K [KESCESC[KOO[KAA[K[K[7m Manual page head(1) line 1 (press h for help or q to quit)[27m[K[K[?1l>[?1049l[23;0;0thkilic2@remote03:~/i240b/submit/lab6/exercises/4-quoting$ 
hkilic2@remote03:~/i240b/submit/lab6/exercises/4-quoting$ ls | head 1
head: cannot open '1' for reading: No such file or directory
hkilic2@remote03:~/i240b/submit/lab6/exercises/4-quoting$ ls | head 1[K2
head: cannot open '2' for reading: No such file or directory
hkilic2@remote03:~/i240b/submit/lab6/exercises/4-quoting$ ls | head 2[C[K-1
**
hkilic2@remote03:~/i240b/submit/lab6/exercises/4-quoting$ head [K[K[K[K[Kls
'**'  '1$2'  "'12"  '1"2'  'a$b'  '\\ab'  'a"b'  "a'b"	 -l
hkilic2@remote03:~/i240b/submit/lab6/exercises/4-quoting$ ls |head [1@ [C[C[C[C[C 2 [1P - 2 
**
1$2
hkilic2@remote03:~/i240b/submit/lab6/exercises/4-quoting$ ls | head -2 [K[K3
**
1$2
'12
hkilic2@remote03:~/i240b/submit/lab6/exercises/4-quoting$ ls | head -3[K7
**
1$2
'12
1"2
a$b
\\ab
a"b
hkilic2@remote03:~/i240b/submit/lab6/exercises/4-quoting$ ls | head -7[1P -7[1P -7[1P -7[1P -7t -7a -7i -7l -7
'12
1"2
a$b
\\ab
a"b
a'b
-l
hkilic2@remote03:~/i240b/submit/lab6/exercises/4-quoting$ ls |tail -
**
1$2
'12
1"2
a$b
\\ab
a"b
a'b
-l
hkilic2@remote03:~/i240b/submit/lab6/exercises/4-quoting$ ls |tail -1
-l
hkilic2@remote03:~/i240b/submit/lab6/exercises/4-quoting$ ls |tail -1[K2
a'b
-l
hkilic2@remote03:~/i240b/submit/lab6/exercises/4-quoting$ ls l[K1??*
'1$2'  '1"2'
hkilic2@remote03:~/i240b/submit/lab6/exercises/4-quoting$ ls 1??*[1P*
'1$2'  '1"2'
hkilic2@remote03:~/i240b/submit/lab6/exercises/4-quoting$ ls 1?*?*?*?*
ls: cannot access '1????*': No such file or directory
hkilic2@remote03:~/i240b/submit/lab6/exercises/4-quoting$ ls 1????*[1P*
ls: cannot access '1???*': No such file or directory
hkilic2@remote03:~/i240b/submit/lab6/exercises/4-quoting$ ls ?*
-rw-r----- 1 hkilic2 hkilic2 0 Mar 12 12:21 '**'
-rw-r----- 1 hkilic2 hkilic2 0 Mar 12 12:21 '1$2'
-rw-r----- 1 hkilic2 hkilic2 0 Mar 12 12:21 "'12"
-rw-r----- 1 hkilic2 hkilic2 0 Mar 12 12:21 '1"2'
-rw-r----- 1 hkilic2 hkilic2 0 Mar 12 12:21 'a$b'
-rw-r----- 1 hkilic2 hkilic2 0 Mar 12 12:21 '\\ab'
-rw-r----- 1 hkilic2 hkilic2 0 Mar 12 12:21 'a"b'
-rw-r----- 1 hkilic2 hkilic2 0 Mar 12 12:21 "a'b"
hkilic2@remote03:~/i240b/submit/lab6/exercises/4-quoting$ ls ?*?*
-rw-r----- 1 hkilic2 hkilic2 0 Mar 12 12:21 '**'
-rw-r----- 1 hkilic2 hkilic2 0 Mar 12 12:21 '1$2'
-rw-r----- 1 hkilic2 hkilic2 0 Mar 12 12:21 "'12"
-rw-r----- 1 hkilic2 hkilic2 0 Mar 12 12:21 '1"2'
-rw-r----- 1 hkilic2 hkilic2 0 Mar 12 12:21 'a$b'
-rw-r----- 1 hkilic2 hkilic2 0 Mar 12 12:21 '\\ab'
-rw-r----- 1 hkilic2 hkilic2 0 Mar 12 12:21 'a"b'
-rw-r----- 1 hkilic2 hkilic2 0 Mar 12 12:21 "a'b"
hkilic2@remote03:~/i240b/submit/lab6/exercises/4-quoting$ ls ??*?*
'1$2'  "'12"  '1"2'  'a$b'  '\\ab'  'a"b'  "a'b"
hkilic2@remote03:~/i240b/submit/lab6/exercises/4-quoting$ ls
'**'  '1$2'  "'12"  '1"2'  'a$b'  '\\ab'  'a"b'  "a'b"	 -l
hkilic2@remote03:~/i240b/submit/lab6/exercises/4-quoting$ ls ???*?*
'\\ab'
hkilic2@remote03:~/i240b/submit/lab6/exercises/4-quoting$ ?*
bash: **: command not found
hkilic2@remote03:~/i240b/submit/lab6/exercises/4-quoting$ ?*ls ????*[K ?*
-rw-r----- 1 hkilic2 hkilic2 0 Mar 12 12:21 '**'
-rw-r----- 1 hkilic2 hkilic2 0 Mar 12 12:21 '1$2'
-rw-r----- 1 hkilic2 hkilic2 0 Mar 12 12:21 "'12"
-rw-r----- 1 hkilic2 hkilic2 0 Mar 12 12:21 '1"2'
-rw-r----- 1 hkilic2 hkilic2 0 Mar 12 12:21 'a$b'
-rw-r----- 1 hkilic2 hkilic2 0 Mar 12 12:21 '\\ab'
-rw-r----- 1 hkilic2 hkilic2 0 Mar 12 12:21 'a"b'
-rw-r----- 1 hkilic2 hkilic2 0 Mar 12 12:21 "a'b"
hkilic2@remote03:~/i240b/submit/lab6/exercises/4-quoting$ li[Ks 2* [K?
ls: cannot access '2*?': No such file or directory
hkilic2@remote03:~/i240b/submit/lab6/exercises/4-quoting$ ls 2*?.?
ls: cannot access '2*.?': No such file or directory
hkilic2@remote03:~/i240b/submit/lab6/exercises/4-quoting$ ls [0-9]*
'1$2'  '1"2'
hkilic2@remote03:~/i240b/submit/lab6/exercises/4-quoting$ ls
'**'  '1$2'  "'12"  '1"2'  'a$b'  '\\ab'  'a"b'  "a'b"	 -l
hkilic2@remote03:~/i240b/submit/lab6/exercises/4-quoting$ ls [0-9]*[1P]*8]*
'1$2'  '1"2'
hkilic2@remote03:~/i240b/submit/lab6/exercises/4-quoting$ ls [0-8]*[1P]*4]*
'1$2'  '1"2'
hkilic2@remote03:~/i240b/submit/lab6/exercises/4-quoting$ ls [0-4]*[1P-4]*3-4]*
ls: cannot access '[3-4]*': No such file or directory
hkilic2@remote03:~/i240b/submit/lab6/exercises/4-quoting$ ls | grep "..*"
**
1$2
'12
1"2
a$b
\\ab
a"b
a'b
-l
hkilic2@remote03:~/i240b/submit/lab6/exercises/4-quoting$ ls | grep "..*"[C[1P"
**
1$2
'12
1"2
a$b
\\ab
a"b
a'b
-l
hkilic2@remote03:~/i240b/submit/lab6/exercises/4-quoting$ ls l[K1??*
'1$2'  '1"2'
hkilic2@remote03:~/i240b/submit/lab6/exercises/4-quoting$ ls 1??*[1P??*4??*
ls: cannot access '4??*': No such file or directory
hkilic2@remote03:~/i240b/submit/lab6/exercises/4-quoting$ ls 4??*[1P??*3??*
ls: cannot access '3??*': No such file or directory
hkilic2@remote03:~/i240b/submit/lab6/exercises/4-quoting$ ls 3??*[1P??*2??*
ls: cannot access '2??*': No such file or directory
hkilic2@remote03:~/i240b/submit/lab6/exercises/4-quoting$ ls 2??*[1P??*0??*
ls: cannot access '0??*': No such file or directory
hkilic2@remote03:~/i240b/submit/lab6/exercises/4-quoting$ ls l??*
ls: cannot access 'l??*': No such file or directory
hkilic2@remote03:~/i240b/submit/lab6/exercises/4-quoting$ ls l?*
ls: cannot access 'l?*': No such file or directory
hkilic2@remote03:~/i240b/submit/lab6/exercises/4-quoting$ ls
'**'  '1$2'  "'12"  '1"2'  'a$b'  '\\ab'  'a"b'  "a'b"	 -l
hkilic2@remote03:~/i240b/submit/lab6/exercises/4-quoting$ [Khkilic2@remote03:~/i240b/submit/lab6/exercises/4-quoting$ [Khkilic2@remote03:~/i240b/submit/lab6/exercises/4-quoting$ ls [0-8]*
'1$2'  '1"2'
hkilic2@remote03:~/i240b/submit/lab6/exercises/4-quoting$ ls | wc -l
9
hkilic2@remote03:~/i240b/submit/lab6/exercises/4-quoting$ ls
'**'  '1$2'  "'12"  '1"2'  'a$b'  '\\ab'  'a"b'  "a'b"	 -l
hkilic2@remote03:~/i240b/submit/lab6/exercises/4-quoting$ ls
'**'  '1$2'  "'12"  '1"2'  'a$b'  '\\ab'  'a"b'  "a'b"	 -l
hkilic2@remote03:~/i240b/submit/lab6/exercises/4-quoting$ wc -l
^Z
[2]+  Stopped                 wc -l
hkilic2@remote03:~/i240b/submit/lab6/exercises/4-quoting$ c -l
bash: c: command not found
hkilic2@remote03:~/i240b/submit/lab6/exercises/4-quoting$ ls[K[Kls
'**'  '1$2'  "'12"  '1"2'  'a$b'  '\\ab'  'a"b'  "a'b"	 -l
hkilic2@remote03:~/i240b/submit/lab6/exercises/4-quoting$ ls [0-9]*.c
ls: cannot access '[0-9]*.c': No such file or directory
hkilic2@remote03:~/i240b/submit/lab6/exercises/4-quoting$ ls [0-9]*.c[K[K
'1$2'  '1"2'
hkilic2@remote03:~/i240b/submit/lab6/exercises/4-quoting$ ls -d ????
'\\ab'
hkilic2@remote03:~/i240b/submit/lab6/exercises/4-quoting$ ls -d?
ls: invalid option -- '?'
Try 'ls --help' for more information.
hkilic2@remote03:~/i240b/submit/lab6/exercises/4-quoting$ ls -d? ?
ls: cannot access '?': No such file or directory
hkilic2@remote03:~/i240b/submit/lab6/exercises/4-quoting$ ls -d ??
-rw-r----- 1 hkilic2 hkilic2 0 Mar 12 12:21 '**'
hkilic2@remote03:~/i240b/submit/lab6/exercises/4-quoting$ ls
'**'  '1$2'  "'12"  '1"2'  'a$b'  '\\ab'  'a"b'  "a'b"	 -l
hkilic2@remote03:~/i240b/submit/lab6/exercises/4-quoting$ ls ??
-rw-r----- 1 hkilic2 hkilic2 0 Mar 12 12:21 '**'
hkilic2@remote03:~/i240b/submit/lab6/exercises/4-quoting$ ls ??*
-rw-r----- 1 hkilic2 hkilic2 0 Mar 12 12:21 '**'
-rw-r----- 1 hkilic2 hkilic2 0 Mar 12 12:21 '1$2'
-rw-r----- 1 hkilic2 hkilic2 0 Mar 12 12:21 "'12"
-rw-r----- 1 hkilic2 hkilic2 0 Mar 12 12:21 '1"2'
-rw-r----- 1 hkilic2 hkilic2 0 Mar 12 12:21 'a$b'
-rw-r----- 1 hkilic2 hkilic2 0 Mar 12 12:21 '\\ab'
-rw-r----- 1 hkilic2 hkilic2 0 Mar 12 12:21 'a"b'
-rw-r----- 1 hkilic2 hkilic2 0 Mar 12 12:21 "a'b"
hkilic2@remote03:~/i240b/submit/lab6/exercises/4-quoting$ ls ????*
'\\ab'
hkilic2@remote03:~/i240b/submit/lab6/exercises/4-quoting$ ls ???*
'1$2'  "'12"  '1"2'  'a$b'  '\\ab'  'a"b'  "a'b"
hkilic2@remote03:~/i240b/submit/lab6/exercises/4-quoting$ ls ??.???*
ls: cannot access '??.???*': No such file or directory
hkilic2@remote03:~/i240b/submit/lab6/exercises/4-quoting$ ls *.^M[K
ls: cannot access '*.': No such file or directory
hkilic2@remote03:~/i240b/submit/lab6/exercises/4-quoting$ ls *.?
ls: cannot access '*.?': No such file or directory
hkilic2@remote03:~/i240b/submit/lab6/exercises/4-quoting$ ls ????*
'\\ab'
hkilic2@remote03:~/i240b/submit/lab6/exercises/4-quoting$ ls ?*
-rw-r----- 1 hkilic2 hkilic2 0 Mar 12 12:21 '**'
-rw-r----- 1 hkilic2 hkilic2 0 Mar 12 12:21 '1$2'
-rw-r----- 1 hkilic2 hkilic2 0 Mar 12 12:21 "'12"
-rw-r----- 1 hkilic2 hkilic2 0 Mar 12 12:21 '1"2'
-rw-r----- 1 hkilic2 hkilic2 0 Mar 12 12:21 'a$b'
-rw-r----- 1 hkilic2 hkilic2 0 Mar 12 12:21 '\\ab'
-rw-r----- 1 hkilic2 hkilic2 0 Mar 12 12:21 'a"b'
-rw-r----- 1 hkilic2 hkilic2 0 Mar 12 12:21 "a'b"
hkilic2@remote03:~/i240b/submit/lab6/exercises/4-quoting$ ls ???
'1$2'  "'12"  '1"2'  'a$b'  'a"b'  "a'b"
hkilic2@remote03:~/i240b/submit/lab6/exercises/4-quoting$ ls ?
ls: cannot access '?': No such file or directory
hkilic2@remote03:~/i240b/submit/lab6/exercises/4-quoting$ ls[K[Kls - d[K[Kd {4[K3}[[:alnum:]](
bash: syntax error near unexpected token `('
hkilic2@remote03:~/i240b/submit/lab6/exercises/4-quoting$ ls -1
'**'
'1$2'
"'12"
'1"2'
'a$b'
'\\ab'
'a"b'
"a'b"
-l
hkilic2@remote03:~/i240b/submit/lab6/exercises/4-quoting$ ls -3
ls: invalid option -- '3'
Try 'ls --help' for more information.
hkilic2@remote03:~/i240b/submit/lab6/exercises/4-quoting$ find "???"
find: ‘???’: No such file or directory
hkilic2@remote03:~/i240b/submit/lab6/exercises/4-quoting$ ls [K|awk 'lenght[K[Kth($0)==3
> [K> [K> [K> [K> [K> [K> [K> [K> [K> {print 4[K$0}'
**
1$2
1$2
'12
'12
1"2
1"2
a$b
a$b
\\ab
a"b
a"b
a'b
a'b
-l
hkilic2@remote03:~/i240b/submit/lab6/exercises/4-quoting$ ls|awk 'length($0)==3
{print $0}'[A[C[C[C[C[C[C[C[C[C[C[C[C[C[C[C[C[C[C[C[C[C[C[C[C[C[C[C[C[C[C[C[C[C[C[C[C[C[C[C[C[C[C[C[C[C[C[C[C[C[C[C[C[C[C[C[C[C[C[C[C[C[C[C[C[C[C[C[C[C[C[C[C[C[C[C[C[C[C[C{print $0}'
[K[A[C[C[C[C[C[C[C[C[C[C[C[C[C[C[C[C[C[C[C[C[C[C[C[C[C[C[C[C[C[C[C[C[C[C[C[C[C[C[C[C[C[C[C[C[C[C[C[C[C[C[C[C[C[C[C[C[C[C[C[C[C[C[C[C[C[C[C[C[C[C[C[C[C[C[C[C[C[C[C
1$2
'12
1"2
a$b
a"b
a'b
hkilic2@remote03:~/i240b/submit/lab6/exercises/4-quoting$ ls|awk 'length($0)==3{print $0}'[1P[1@2
**
-l
hkilic2@remote03:~/i240b/submit/lab6/exercises/4-quoting$ cd[K[Kld [K[Ks {[K/bin
bash	       fusermount      ntfscat	      systemd
bunzip2        getfacl	       ntfscluster    systemd-ask-password
busybox        grep	       ntfscmp	      systemd-escape
bzcat	       gunzip	       ntfsfallocate  systemd-hwdb
bzcmp	       gzexe	       ntfsfix	      systemd-inhibit
bzdiff	       gzip	       ntfsinfo       systemd-machine-id-setup
bzegrep        hciconfig       ntfsls	      systemd-notify
bzexe	       hostname        ntfsmove       systemd-sysusers
bzfgrep        ip	       ntfsrecover    systemd-tmpfiles
bzgrep	       journalctl      ntfssecaudit   systemd-tty-ask-password-agent
bzip2	       kbd_mode        ntfstruncate   tar
bzip2recover   keyctl	       ntfsusermap    tcsh
bzless	       kill	       ntfswipe       tempfile
bzmore	       kmod	       openvt	      touch
cat	       ln	       pidof	      true
chacl	       loadkeys        ping	      udevadm
chgrp	       login	       ping4	      ulockmgr_server
chmod	       loginctl        ping6	      umount
chown	       lowntfs-3g      ps	      uname
chvt	       ls	       pwd	      uncompress
cp	       lsblk	       rbash	      unicode_start
cpio	       lsmod	       readlink       vdir
csh	       mkdir	       red	      wdctl
dash	       mknod	       rm	      which
date	       mktemp	       rmdir	      ypdomainname
dd	       more	       rnano	      zcat
df	       mount	       run-parts      zcmp
dir	       mountpoint      rzsh	      zdiff
dmesg	       mt	       sed	      zegrep
dnsdomainname  mt-gnu	       setfacl	      zfgrep
domainname     mv	       setfont	      zforce
dumpkeys       nano	       setupcon       zgrep
echo	       nc	       sh	      zless
ed	       nc.traditional  sh.distrib     zmore
egrep	       netcat	       sleep	      znew
false	       netstat	       ss	      zsh
fgconsole      networkctl      stty	      zsh5
fgrep	       nisdomainname   su
findmnt        ntfs-3g	       sync
fuser	       ntfs-3g.probe   systemctl
hkilic2@remote03:~/i240b/submit/lab6/exercises/4-quoting$ ls /bin [p-s}[K]*
ls: cannot access '[p-s]*': No such file or directory
/bin:
bash	       fusermount      ntfscat	      systemd
bunzip2        getfacl	       ntfscluster    systemd-ask-password
busybox        grep	       ntfscmp	      systemd-escape
bzcat	       gunzip	       ntfsfallocate  systemd-hwdb
bzcmp	       gzexe	       ntfsfix	      systemd-inhibit
bzdiff	       gzip	       ntfsinfo       systemd-machine-id-setup
bzegrep        hciconfig       ntfsls	      systemd-notify
bzexe	       hostname        ntfsmove       systemd-sysusers
bzfgrep        ip	       ntfsrecover    systemd-tmpfiles
bzgrep	       journalctl      ntfssecaudit   systemd-tty-ask-password-agent
bzip2	       kbd_mode        ntfstruncate   tar
bzip2recover   keyctl	       ntfsusermap    tcsh
bzless	       kill	       ntfswipe       tempfile
bzmore	       kmod	       openvt	      touch
cat	       ln	       pidof	      true
chacl	       loadkeys        ping	      udevadm
chgrp	       login	       ping4	      ulockmgr_server
chmod	       loginctl        ping6	      umount
chown	       lowntfs-3g      ps	      uname
chvt	       ls	       pwd	      uncompress
cp	       lsblk	       rbash	      unicode_start
cpio	       lsmod	       readlink       vdir
csh	       mkdir	       red	      wdctl
dash	       mknod	       rm	      which
date	       mktemp	       rmdir	      ypdomainname
dd	       more	       rnano	      zcat
df	       mount	       run-parts      zcmp
dir	       mountpoint      rzsh	      zdiff
dmesg	       mt	       sed	      zegrep
dnsdomainname  mt-gnu	       setfacl	      zfgrep
domainname     mv	       setfont	      zforce
dumpkeys       nano	       setupcon       zgrep
echo	       nc	       sh	      zless
ed	       nc.traditional  sh.distrib     zmore
egrep	       netcat	       sleep	      znew
false	       netstat	       ss	      zsh
fgconsole      networkctl      stty	      zsh5
fgrep	       nisdomainname   su
findmnt        ntfs-3g	       sync
fuser	       ntfs-3g.probe   systemctl
hkilic2@remote03:~/i240b/submit/lab6/exercises/4-quoting$ ls /bin [p-s]*
ls: cannot access '[p-s]*': No such file or directory
/bin:
bash	       fusermount      ntfscat	      systemd
bunzip2        getfacl	       ntfscluster    systemd-ask-password
busybox        grep	       ntfscmp	      systemd-escape
bzcat	       gunzip	       ntfsfallocate  systemd-hwdb
bzcmp	       gzexe	       ntfsfix	      systemd-inhibit
bzdiff	       gzip	       ntfsinfo       systemd-machine-id-setup
bzegrep        hciconfig       ntfsls	      systemd-notify
bzexe	       hostname        ntfsmove       systemd-sysusers
bzfgrep        ip	       ntfsrecover    systemd-tmpfiles
bzgrep	       journalctl      ntfssecaudit   systemd-tty-ask-password-agent
bzip2	       kbd_mode        ntfstruncate   tar
bzip2recover   keyctl	       ntfsusermap    tcsh
bzless	       kill	       ntfswipe       tempfile
bzmore	       kmod	       openvt	      touch
cat	       ln	       pidof	      true
chacl	       loadkeys        ping	      udevadm
chgrp	       login	       ping4	      ulockmgr_server
chmod	       loginctl        ping6	      umount
chown	       lowntfs-3g      ps	      uname
chvt	       ls	       pwd	      uncompress
cp	       lsblk	       rbash	      unicode_start
cpio	       lsmod	       readlink       vdir
csh	       mkdir	       red	      wdctl
dash	       mknod	       rm	      which
date	       mktemp	       rmdir	      ypdomainname
dd	       more	       rnano	      zcat
df	       mount	       run-parts      zcmp
dir	       mountpoint      rzsh	      zdiff
dmesg	       mt	       sed	      zegrep
dnsdomainname  mt-gnu	       setfacl	      zfgrep
domainname     mv	       setfont	      zforce
dumpkeys       nano	       setupcon       zgrep
echo	       nc	       sh	      zless
ed	       nc.traditional  sh.distrib     zmore
egrep	       netcat	       sleep	      znew
false	       netstat	       ss	      zsh
fgconsole      networkctl      stty	      zsh5
fgrep	       nisdomainname   su
findmnt        ntfs-3g	       sync
fuser	       ntfs-3g.probe   systemctl
hkilic2@remote03:~/i240b/submit/lab6/exercises/4-quoting$ ls
'**'  '1$2'  "'12"  '1"2'  'a$b'  '\\ab'  'a"b'  "a'b"	 -l
hkilic2@remote03:~/i240b/submit/lab6/exercises/4-quoting$ ls /bin [K[K[K[K[K[a-b]*
'a$b'  'a"b'  "a'b"
hkilic2@remote03:~/i240b/submit/lab6/exercises/4-quoting$ ls [a-b]*[1P]*[1P]*[1P]*t]*-]*v]*ü]*[1P]*
ls: cannot access '[t-v]*': No such file or directory
hkilic2@remote03:~/i240b/submit/lab6/exercises/4-quoting$ ls [t-v]*[C [t-v]*/ [t-v]*b [t-v]*i [t-v]*n [t-v]*[C [t-v]*
ls: cannot access '[t-v]*': No such file or directory
/bin:
bash	       fusermount      ntfscat	      systemd
bunzip2        getfacl	       ntfscluster    systemd-ask-password
busybox        grep	       ntfscmp	      systemd-escape
bzcat	       gunzip	       ntfsfallocate  systemd-hwdb
bzcmp	       gzexe	       ntfsfix	      systemd-inhibit
bzdiff	       gzip	       ntfsinfo       systemd-machine-id-setup
bzegrep        hciconfig       ntfsls	      systemd-notify
bzexe	       hostname        ntfsmove       systemd-sysusers
bzfgrep        ip	       ntfsrecover    systemd-tmpfiles
bzgrep	       journalctl      ntfssecaudit   systemd-tty-ask-password-agent
bzip2	       kbd_mode        ntfstruncate   tar
bzip2recover   keyctl	       ntfsusermap    tcsh
bzless	       kill	       ntfswipe       tempfile
bzmore	       kmod	       openvt	      touch
cat	       ln	       pidof	      true
chacl	       loadkeys        ping	      udevadm
chgrp	       login	       ping4	      ulockmgr_server
chmod	       loginctl        ping6	      umount
chown	       lowntfs-3g      ps	      uname
chvt	       ls	       pwd	      uncompress
cp	       lsblk	       rbash	      unicode_start
cpio	       lsmod	       readlink       vdir
csh	       mkdir	       red	      wdctl
dash	       mknod	       rm	      which
date	       mktemp	       rmdir	      ypdomainname
dd	       more	       rnano	      zcat
df	       mount	       run-parts      zcmp
dir	       mountpoint      rzsh	      zdiff
dmesg	       mt	       sed	      zegrep
dnsdomainname  mt-gnu	       setfacl	      zfgrep
domainname     mv	       setfont	      zforce
dumpkeys       nano	       setupcon       zgrep
echo	       nc	       sh	      zless
ed	       nc.traditional  sh.distrib     zmore
egrep	       netcat	       sleep	      znew
false	       netstat	       ss	      zsh
fgconsole      networkctl      stty	      zsh5
fgrep	       nisdomainname   su
findmnt        ntfs-3g	       sync
fuser	       ntfs-3g.probe   systemctl
hkilic2@remote03:~/i240b/submit/lab6/exercises/4-quoting$ ls /bin  [t-v]*[1P[t-v]*[1P[t-v]*[1P[t-v]*[1P[t-v]*[1P[t-v]*[1P[t-v]*[1P[t-v]* [t-v]*b[t-v]*i[t-v]*n[t-v]*/[t-v]*
ls: cannot access 'bin/[t-v]*': No such file or directory
hkilic2@remote03:~/i240b/submit/lab6/exercises/4-quoting$ ls bin/[t-v]*.
ls: cannot access 'bin/[t-v]*.': No such file or directory
hkilic2@remote03:~/i240b/submit/lab6/exercises/4-quoting$ ls [-v[K[Kt-v}[K][K[K[K[Kp-s]* [K ?
ls: cannot access '[p-s]*': No such file or directory
ls: cannot access '?': No such file or directory
hkilic2@remote03:~/i240b/submit/lab6/exercises/4-quoting$ ls [p-s]* ?[1P?
ls: cannot access '[p-s]*?': No such file or directory
hkilic2@remote03:~/i240b/submit/lab6/exercises/4-quoting$ ls -d
.
hkilic2@remote03:~/i240b/submit/lab6/exercises/4-quoting$ ls
'**'  '1$2'  "'12"  '1"2'  'a$b'  '\\ab'  'a"b'  "a'b"	 -l
hkilic2@remote03:~/i240b/submit/lab6/exercises/4-quoting$ ls -d ?
ls: cannot access '?': No such file or directory
hkilic2@remote03:~/i240b/submit/lab6/exercises/4-quoting$ ls -d .?
..
hkilic2@remote03:~/i240b/submit/lab6/exercises/4-quoting$ ls ./?
ls: cannot access './?': No such file or directory
hkilic2@remote03:~/i240b/submit/lab6/exercises/4-quoting$ ls ./?[K[a-b]*
'./a$b'  './a"b'  "./a'b"
hkilic2@remote03:~/i240b/submit/lab6/exercises/4-quoting$ ls
'**'  '1$2'  "'12"  '1"2'  'a$b'  '\\ab'  'a"b'  "a'b"	 -l
hkilic2@remote03:~/i240b/submit/lab6/exercises/4-quoting$ ls -d ./[a-b]*
'./a$b'  './a"b'  "./a'b"
hkilic2@remote03:~/i240b/submit/lab6/exercises/4-quoting$ ls -d ./[a-b]*?[a-b]*
ls: cannot access './?[a-b]*': No such file or directory
hkilic2@remote03:~/i240b/submit/lab6/exercises/4-quoting$ ls ?c*
ls: cannot access '?c*': No such file or directory
hkilic2@remote03:~/i240b/submit/lab6/exercises/4-quoting$ ls ?c*[1P*z*
ls: cannot access '?z*': No such file or directory
hkilic2@remote03:~/i240b/submit/lab6/exercises/4-quoting$ ls ?z*[1P*a*
ls: cannot access '?a*': No such file or directory
hkilic2@remote03:~/i240b/submit/lab6/exercises/4-quoting$ ls
'**'  '1$2'  "'12"  '1"2'  'a$b'  '\\ab'  'a"b'  "a'b"	 -l
hkilic2@remote03:~/i240b/submit/lab6/exercises/4-quoting$ ls ?a*[1P*l*
total 0
-rw-r----- 1 hkilic2 hkilic2 0 Mar 12 12:21 '**'
-rw-r----- 1 hkilic2 hkilic2 0 Mar 12 12:21 '1$2'
-rw-r----- 1 hkilic2 hkilic2 0 Mar 12 12:21 "'12"
-rw-r----- 1 hkilic2 hkilic2 0 Mar 12 12:21 '1"2'
-rw-r----- 1 hkilic2 hkilic2 0 Mar 12 12:21 'a$b'
-rw-r----- 1 hkilic2 hkilic2 0 Mar 12 12:21 '\\ab'
-rw-r----- 1 hkilic2 hkilic2 0 Mar 12 12:21 'a"b'
-rw-r----- 1 hkilic2 hkilic2 0 Mar 12 12:21 "a'b"
-rw-r----- 1 hkilic2 hkilic2 0 Mar 12 12:21  -l
hkilic2@remote03:~/i240b/submit/lab6/exercises/4-quoting$ ls ?l*[Kls ?l*[Kls
'**'  '1$2'  "'12"  '1"2'  'a$b'  '\\ab'  'a"b'  "a'b"	 -l
hkilic2@remote03:~/i240b/submit/lab6/exercises/4-quoting$ ls ?l*[1P*\*$*
'1$2'  'a$b'
hkilic2@remote03:~/i240b/submit/lab6/exercises/4-quoting$ ls /bin
bash	       fusermount      ntfscat	      systemd
bunzip2        getfacl	       ntfscluster    systemd-ask-password
busybox        grep	       ntfscmp	      systemd-escape
bzcat	       gunzip	       ntfsfallocate  systemd-hwdb
bzcmp	       gzexe	       ntfsfix	      systemd-inhibit
bzdiff	       gzip	       ntfsinfo       systemd-machine-id-setup
bzegrep        hciconfig       ntfsls	      systemd-notify
bzexe	       hostname        ntfsmove       systemd-sysusers
bzfgrep        ip	       ntfsrecover    systemd-tmpfiles
bzgrep	       journalctl      ntfssecaudit   systemd-tty-ask-password-agent
bzip2	       kbd_mode        ntfstruncate   tar
bzip2recover   keyctl	       ntfsusermap    tcsh
bzless	       kill	       ntfswipe       tempfile
bzmore	       kmod	       openvt	      touch
cat	       ln	       pidof	      true
chacl	       loadkeys        ping	      udevadm
chgrp	       login	       ping4	      ulockmgr_server
chmod	       loginctl        ping6	      umount
chown	       lowntfs-3g      ps	      uname
chvt	       ls	       pwd	      uncompress
cp	       lsblk	       rbash	      unicode_start
cpio	       lsmod	       readlink       vdir
csh	       mkdir	       red	      wdctl
dash	       mknod	       rm	      which
date	       mktemp	       rmdir	      ypdomainname
dd	       more	       rnano	      zcat
df	       mount	       run-parts      zcmp
dir	       mountpoint      rzsh	      zdiff
dmesg	       mt	       sed	      zegrep
dnsdomainname  mt-gnu	       setfacl	      zfgrep
domainname     mv	       setfont	      zforce
dumpkeys       nano	       setupcon       zgrep
echo	       nc	       sh	      zless
ed	       nc.traditional  sh.distrib     zmore
egrep	       netcat	       sleep	      znew
false	       netstat	       ss	      zsh
fgconsole      networkctl      stty	      zsh5
fgrep	       nisdomainname   su
findmnt        ntfs-3g	       sync
fuser	       ntfs-3g.probe   systemctl
hkilic2@remote03:~/i240b/submit/lab6/exercises/4-quoting$ ls /bin ?/[Kd
ls: cannot access '?d': No such file or directory
/bin:
bash	       fusermount      ntfscat	      systemd
bunzip2        getfacl	       ntfscluster    systemd-ask-password
busybox        grep	       ntfscmp	      systemd-escape
bzcat	       gunzip	       ntfsfallocate  systemd-hwdb
bzcmp	       gzexe	       ntfsfix	      systemd-inhibit
bzdiff	       gzip	       ntfsinfo       systemd-machine-id-setup
bzegrep        hciconfig       ntfsls	      systemd-notify
bzexe	       hostname        ntfsmove       systemd-sysusers
bzfgrep        ip	       ntfsrecover    systemd-tmpfiles
bzgrep	       journalctl      ntfssecaudit   systemd-tty-ask-password-agent
bzip2	       kbd_mode        ntfstruncate   tar
bzip2recover   keyctl	       ntfsusermap    tcsh
bzless	       kill	       ntfswipe       tempfile
bzmore	       kmod	       openvt	      touch
cat	       ln	       pidof	      true
chacl	       loadkeys        ping	      udevadm
chgrp	       login	       ping4	      ulockmgr_server
chmod	       loginctl        ping6	      umount
chown	       lowntfs-3g      ps	      uname
chvt	       ls	       pwd	      uncompress
cp	       lsblk	       rbash	      unicode_start
cpio	       lsmod	       readlink       vdir
csh	       mkdir	       red	      wdctl
dash	       mknod	       rm	      which
date	       mktemp	       rmdir	      ypdomainname
dd	       more	       rnano	      zcat
df	       mount	       run-parts      zcmp
dir	       mountpoint      rzsh	      zdiff
dmesg	       mt	       sed	      zegrep
dnsdomainname  mt-gnu	       setfacl	      zfgrep
domainname     mv	       setfont	      zforce
dumpkeys       nano	       setupcon       zgrep
echo	       nc	       sh	      zless
ed	       nc.traditional  sh.distrib     zmore
egrep	       netcat	       sleep	      znew
false	       netstat	       ss	      zsh
fgconsole      networkctl      stty	      zsh5
fgrep	       nisdomainname   su
findmnt        ntfs-3g	       sync
fuser	       ntfs-3g.probe   systemctl
hkilic2@remote03:~/i240b/submit/lab6/exercises/4-quoting$ ls /bin ?d
ls: cannot access '?d': No such file or directory
/bin:
bash	       fusermount      ntfscat	      systemd
bunzip2        getfacl	       ntfscluster    systemd-ask-password
busybox        grep	       ntfscmp	      systemd-escape
bzcat	       gunzip	       ntfsfallocate  systemd-hwdb
bzcmp	       gzexe	       ntfsfix	      systemd-inhibit
bzdiff	       gzip	       ntfsinfo       systemd-machine-id-setup
bzegrep        hciconfig       ntfsls	      systemd-notify
bzexe	       hostname        ntfsmove       systemd-sysusers
bzfgrep        ip	       ntfsrecover    systemd-tmpfiles
bzgrep	       journalctl      ntfssecaudit   systemd-tty-ask-password-agent
bzip2	       kbd_mode        ntfstruncate   tar
bzip2recover   keyctl	       ntfsusermap    tcsh
bzless	       kill	       ntfswipe       tempfile
bzmore	       kmod	       openvt	      touch
cat	       ln	       pidof	      true
chacl	       loadkeys        ping	      udevadm
chgrp	       login	       ping4	      ulockmgr_server
chmod	       loginctl        ping6	      umount
chown	       lowntfs-3g      ps	      uname
chvt	       ls	       pwd	      uncompress
cp	       lsblk	       rbash	      unicode_start
cpio	       lsmod	       readlink       vdir
csh	       mkdir	       red	      wdctl
dash	       mknod	       rm	      which
date	       mktemp	       rmdir	      ypdomainname
dd	       more	       rnano	      zcat
df	       mount	       run-parts      zcmp
dir	       mountpoint      rzsh	      zdiff
dmesg	       mt	       sed	      zegrep
dnsdomainname  mt-gnu	       setfacl	      zfgrep
domainname     mv	       setfont	      zforce
dumpkeys       nano	       setupcon       zgrep
echo	       nc	       sh	      zless
ed	       nc.traditional  sh.distrib     zmore
egrep	       netcat	       sleep	      znew
false	       netstat	       ss	      zsh
fgconsole      networkctl      stty	      zsh5
fgrep	       nisdomainname   su
findmnt        ntfs-3g	       sync
fuser	       ntfs-3g.probe   systemctl
hkilic2@remote03:~/i240b/submit/lab6/exercises/4-quoting$ l[Kls /bin ?d[K
bash	       fusermount      ntfscat	      systemd
bunzip2        getfacl	       ntfscluster    systemd-ask-password
busybox        grep	       ntfscmp	      systemd-escape
bzcat	       gunzip	       ntfsfallocate  systemd-hwdb
bzcmp	       gzexe	       ntfsfix	      systemd-inhibit
bzdiff	       gzip	       ntfsinfo       systemd-machine-id-setup
bzegrep        hciconfig       ntfsls	      systemd-notify
bzexe	       hostname        ntfsmove       systemd-sysusers
bzfgrep        ip	       ntfsrecover    systemd-tmpfiles
bzgrep	       journalctl      ntfssecaudit   systemd-tty-ask-password-agent
bzip2	       kbd_mode        ntfstruncate   tar
bzip2recover   keyctl	       ntfsusermap    tcsh
bzless	       kill	       ntfswipe       tempfile
bzmore	       kmod	       openvt	      touch
cat	       ln	       pidof	      true
chacl	       loadkeys        ping	      udevadm
chgrp	       login	       ping4	      ulockmgr_server
chmod	       loginctl        ping6	      umount
chown	       lowntfs-3g      ps	      uname
chvt	       ls	       pwd	      uncompress
cp	       lsblk	       rbash	      unicode_start
cpio	       lsmod	       readlink       vdir
csh	       mkdir	       red	      wdctl
dash	       mknod	       rm	      which
date	       mktemp	       rmdir	      ypdomainname
dd	       more	       rnano	      zcat
df	       mount	       run-parts      zcmp
dir	       mountpoint      rzsh	      zdiff
dmesg	       mt	       sed	      zegrep
dnsdomainname  mt-gnu	       setfacl	      zfgrep
domainname     mv	       setfont	      zforce
dumpkeys       nano	       setupcon       zgrep
echo	       nc	       sh	      zless
ed	       nc.traditional  sh.distrib     zmore
egrep	       netcat	       sleep	      znew
false	       netstat	       ss	      zsh
fgconsole      networkctl      stty	      zsh5
fgrep	       nisdomainname   su
findmnt        ntfs-3g	       sync
fuser	       ntfs-3g.probe   systemctl
hkilic2@remote03:~/i240b/submit/lab6/exercises/4-quoting$ ls /bin ?d*
ls: cannot access '?d*': No such file or directory
/bin:
bash	       fusermount      ntfscat	      systemd
bunzip2        getfacl	       ntfscluster    systemd-ask-password
busybox        grep	       ntfscmp	      systemd-escape
bzcat	       gunzip	       ntfsfallocate  systemd-hwdb
bzcmp	       gzexe	       ntfsfix	      systemd-inhibit
bzdiff	       gzip	       ntfsinfo       systemd-machine-id-setup
bzegrep        hciconfig       ntfsls	      systemd-notify
bzexe	       hostname        ntfsmove       systemd-sysusers
bzfgrep        ip	       ntfsrecover    systemd-tmpfiles
bzgrep	       journalctl      ntfssecaudit   systemd-tty-ask-password-agent
bzip2	       kbd_mode        ntfstruncate   tar
bzip2recover   keyctl	       ntfsusermap    tcsh
bzless	       kill	       ntfswipe       tempfile
bzmore	       kmod	       openvt	      touch
cat	       ln	       pidof	      true
chacl	       loadkeys        ping	      udevadm
chgrp	       login	       ping4	      ulockmgr_server
chmod	       loginctl        ping6	      umount
chown	       lowntfs-3g      ps	      uname
chvt	       ls	       pwd	      uncompress
cp	       lsblk	       rbash	      unicode_start
cpio	       lsmod	       readlink       vdir
csh	       mkdir	       red	      wdctl
dash	       mknod	       rm	      which
date	       mktemp	       rmdir	      ypdomainname
dd	       more	       rnano	      zcat
df	       mount	       run-parts      zcmp
dir	       mountpoint      rzsh	      zdiff
dmesg	       mt	       sed	      zegrep
dnsdomainname  mt-gnu	       setfacl	      zfgrep
domainname     mv	       setfont	      zforce
dumpkeys       nano	       setupcon       zgrep
echo	       nc	       sh	      zless
ed	       nc.traditional  sh.distrib     zmore
egrep	       netcat	       sleep	      znew
false	       netstat	       ss	      zsh
fgconsole      networkctl      stty	      zsh5
fgrep	       nisdomainname   su
findmnt        ntfs-3g	       sync
fuser	       ntfs-3g.probe   systemctl
hkilic2@remote03:~/i240b/submit/lab6/exercises/4-quoting$ ls /bin ?d*[K[K[K[K[K[K[K[K[K[K[Kcd
hkilic2@remote03:~$ cd bin
bash: cd: bin: No such file or directory
hkilic2@remote03:~$ cd /bin
hkilic2@remote03:/bin$ ls ?c*
echo  hciconfig  nc  nc.traditional  tcsh  zcat  zcmp
hkilic2@remote03:/bin$ ls ? [K[p-s]*
cp  cpio  csh  grep  ip  ls  lsblk  lsmod  openvt  ps  ss  true  ypdomainname  zsh  zsh5
hkilic2@remote03:/bin$ cd
hkilic2@remote03:~$ cd /etc
hkilic2@remote03:/etc$ ls -1t | tail -5[K2
netscsid.conf
host.conf
hkilic2@remote03:/etc$ ls
3270			       idmapd.conf		  postgresql-common
a2ps.cfg		       idmapd.conf.ucf-dist	  ppp
a2ps-site.cfg		       ifplugd			  printcap
acpi			       ImageMagick-6		  profile
adduser.conf		       init			  profile.d
adjtime			       init.d			  protocols
aliases			       initramfs-tools		  pulse
alsa			       inputrc			  purple
alternatives		       insserv			  python
anacrontab		       insserv.conf		  python2.7
apache2			       insserv.conf.d		  python3
apm			       installed_packages	  python3.5
apparmor		       iproute2			  python3.7
apparmor.d		       iscsi			  qemu-ifdown
apt			       issue			  qemu-ifup
apt-venv.conf		       issue.net		  quilt.quiltrc
at.deny			       java			  quotagrpadmins
at-spi2			       java-10-oracle		  quotatab
autoconf2.13		       java-11-oracle		  R
avahi			       java-8-oracle		  racket
bash.bashrc		       jed.d			  rarfiles.lst
bash_completion		       jython			  rc0.d
bash_completion.d	       kernel			  rc1.d
bindresvport.blacklist	       kernel-img.conf		  rc2.d
binfmt.d		       krb5.conf		  rc3.d
bluetooth		       krb5.keytab		  rc4.d
bogofilter.cf		       latex2html.conf		  rc5.d
bonobo-activation	       LatexMk			  rc6.d
bootchartd.conf		       ldap			  rc.local
ca-certificates		       ld.so.cache		  rcS.d
ca-certificates.conf	       ld.so.conf		  reader.conf.d
ca-certificates.conf.dpkg-old  ld.so.conf.d		  rearj.cfg
calendar		       libao.conf		  reportbug.conf
chatscripts		       libaudit.conf		  request-key.conf
chktexrc		       libblockdev		  request-key.d
chromium		       libccid_Info.plist	  resolv.conf
chromium.d		       libgda-5.0		  resolvconf
cifs-utils		       libibverbs.d		  resolv.conf.class
common-lisp		       libnl-3			  resolv.conf.external
complete.tcsh		       libnss-ldap.conf		  resolv.conf.internal
console			       libnss-ldap.conf.class	  rlwrap
console-setup		       libnss-ldap.conf.linux	  rmt
cowpoke.conf		       libpaper.d		  rpc
cracklib		       libreoffice		  rsyslog.conf
cron.d			       lightdm			  rsyslog.d
cron.daily		       lighttpd			  runit
cron.hourly		       lintianrc		  samba
cron.monthly		       lisp-config.lisp		  sane.d
crontab			       lldpd.d			  sbclrc
cron.weekly		       locale.alias		  scite
cruft			       locale.gen		  screenrc
csh			       localtime		  securetty
csh.cshrc		       logcheck			  security
csh.login		       login.defs		  selinux
csh.logout		       logrotate.conf		  sensors3.conf
cupshelpers		       logrotate.conf.dpkg-old	  sensors.d
cvsdeb.conf		       logrotate.d		  services
dat.conf		       logrotate.d.save		  sgml
dbus-1			       ltrace.conf		  shadow
debconf.conf		       lynx			  shadow-
debian_version		       machine-id		  shells
debsums-ignore		       magic			  skel
debtree			       magic.mime		  slsh.rc
default			       mailcap			  smartd.conf
deluser.conf		       mailcap.order		  smartmontools
devscripts.conf		       mailname			  smi.conf
dhcp			       mail.rc			  snmp
dictionaries-common	       manpath.config		  sound
dirmngr			       matplotlibrc		  speech-dispatcher
discover.conf.d		       matplotlibrc2		  ssh
discover-modprobe.conf	       mediaprm			  ssl
dkms			       mercurial		  staff-group-for-usr-local
dleyna-server-service.conf     mime.types		  stunnel
doc-base		       minicom			  subgid
dpkg			       mke2fs.conf		  subgid-
dpkg-list		       modprobe.d		  subuid
dput.cf			       modules			  subuid-
e2scrub.conf		       modules-load.d		  subversion
eclipse.ini		       monit			  sudoers
emacs			       motd			  sudoers.d
email-addresses		       mtab			  sudoers.old
environment		       mtools.conf		  sudoers.save
environment.d		       Muttrc			  sv
exim4			       Muttrc.d			  sysctl.conf
fail2ban		       mysql			  sysctl.d
fdmount.conf		       nanorc			  sysfs.conf
firebird		       netconf			  sysfs.d
firefox-esr		       netconfig		  sysstat
fonts			       netgroup			  systemd
freeipmi		       netscsid.conf		  terminfo
fstab			       network			  tex4ht
fstab.save		       NetworkManager		  texmf
fstab.save.1		       networks			  thunderbird
fuse.conf		       nftables.conf		  tigervnc
gai.conf		       nscd.conf		  timezone
gamin			       nslcd.conf		  timidity
gconf			       nslcd.conf.buster-upgrade  tmpfiles.d
gdb			       nslcd.conf.class		  ucf.conf
geoclue			       nslcd.conf.linux		  udev
ghostscript		       nsswitch.conf		  udisks2
gimp			       ntp.conf			  ufw
git-buildpackage	       ntp.conf.dpkg-old	  updatedb.conf
glvnd			       nvcc.profile		  update-motd.d
gnashpluginrc		       nvidia			  UPower
gnashrc			       nxagent			  usb_modeswitch.conf
gnashthumbnailrc	       ocamlfind.conf		  usb_modeswitch.d
gnome			       ODBCDataSources		  vbox
gnome-vfs-2.0		       odbc.ini			  vdpau_wrapper.cfg
gnome-vfs-mime-magic	       odbcinst.ini		  video_format
GNUstep			       openal			  vim
groff			       OpenCL			  visualvm
groovy			       openmpi			  vmware-tools
group			       opensc			  vnc.conf
group-			       openvpn			  vulkan
gshadow			       opt			  w3m
gshadow-		       os-release		  warnquota.conf
gss			       PackageKit		  wgetrc
gssapi_mech.conf	       pam.conf			  wildmidi
gssapi_mech.conf.dpkg-dist     pam.d			  wireshark
gtk-2.0			       pam_ldap.conf		  wodim.conf
gtk-3.0			       pam_ldap.conf.class	  wpa_supplicant
hddtemp.db		       pam_ldap.conf.linux	  X11
hdparm.conf		       papersize		  x2go
highlight		       passwd			  xattr.conf
host.conf		       passwd-			  xdg
hostname		       pbuilder			  xfce4
hosts			       pbuilderrc		  xml
hosts.allow		       perl			  xpdf
hosts.class		       php			  xprofile
hosts.deny		       piuparts			  zsh
hosts.external		       pm
hosts.internal		       polkit-1
hkilic2@remote03:/etc$ ls -1t | tail -2[9Pcd /etc[Kls ?[p-s]*[4Pc*cd /bin[1Pbin[Kls /bin ?d*[K ?d[K?\$*[K ?l*[K ?a*z*c*-d ./?[a-b]*[1P[a-b]*[K ./[a-b]*?[K-d .?[1P?[K -d[p-s]*? ?bin/[t-v]*.[K/bin  [t-v]*[6P[t-v]*a-b]*[K /bin [p-s]*[K|awk 'length($0)==2{print $0}'3[C[C[C[C[C[C[C[C[C[C[C           
{print $0}'[A[C[C[C[C[C[C[C[C[C[C[C[C[C[C[C[C[C[C[C[C[C[C[C[C[C[C[C[C[C[C[C[C[C{print $0}'
[K[A[C[C[C[C[C[C[C[C[C[C[C[C[C[C[C[C[C[C[C[C[C[C[C[C[C[C[C[C[C[C[C[C[C[C[C[C[C[C[C[C[C[C[C[C[C[C[C[C[C[C[C[C[C[C[C
apm
apt
csh
gdb
gss
opt
php
ppp
rmt
rpc
ssh
ssl
ufw
vim
w3m
X11
xdg
xml
zsh
hkilic2@remote03:/etc$ cd
hkilic2@remote03:~$ cd /bin
hkilic2@remote03:/bin$ cd /bin[Kls|awk 'length($0)==3{print $0}'
cat
csh
dir
pwd
red
sed
tar
zsh
hkilic2@remote03:/bin$ ls|awk 'length($0)==3{print $0}'[C[C[1P[1P[1@l[1@s[1@ [C[1@c[1@w[1@ 
bash: cw: command not found
hkilic2@remote03:/bin$ ls |cw awk 'length($0)==3{print $0}'[C[1@ 
bash: cw: command not found
hkilic2@remote03:/bin$ exit
There are stopped jobs.
hkilic2@remote03:/bin$ exit

Script done on 2020-03-12 14:59:29-04:00 [COMMAND_EXIT_CODE="127"]
